[2025-04-02 18:22:11,746: INFO: file_deletion_process: DPID_20250402_18_22]
[2025-04-02 18:22:11,752: INFO: file_deletion_process: Deletion of encrypted json files started]
[2025-04-02 18:22:11,752: ERROR: file_deletion_process: name 'FileDelete' is not defined]
[2025-04-02 18:22:32,199: INFO: file_deletion_process: DPID_20250402_18_22]
[2025-04-02 18:22:32,206: INFO: file_deletion_process: Deletion of encrypted json files started]
[2025-04-02 18:22:32,207: INFO: file_deletion_process: Deletion of encrypted json files completed]
[2025-04-02 18:22:32,225: INFO: file_deletion_process: Deletion Job for encrypted files was run Successfully]
[2025-04-02 18:22:32,226: INFO: file_deletion_process: Deletion of decrypted json files started]
[2025-04-02 18:22:32,226: ERROR: file_deletion_process: name 'FileDelete' is not defined]
[2025-04-02 19:30:00,717: INFO: file_deletion_process: DPID_20250402_19_30]
[2025-04-02 19:30:00,761: INFO: file_deletion_process: Deletion of json files started]
[2025-04-02 19:30:00,762: ERROR: file_deletion_process: name 'FileDelete' is not defined]
[2025-04-02 19:31:22,567: INFO: file_deletion_process: DPID_20250402_19_31]
[2025-04-02 19:31:22,580: INFO: file_deletion_process: Deletion of json files started]
[2025-04-02 19:31:27,395: INFO: file_deletion_process: Deletion of json files completed]
[2025-04-02 19:31:27,396: ERROR: file_deletion_process: name 'decrypted_ilike_tag' is not defined]
[2025-04-02 19:32:59,479: INFO: file_deletion_process: DPID_20250402_19_32]
[2025-04-02 19:32:59,487: INFO: file_deletion_process: Deletion of json files started]
[2025-04-02 19:33:00,113: INFO: file_deletion_process: Deletion of json files completed]
[2025-04-02 19:33:00,137: INFO: file_deletion_process: Deletion Job for decrypted files was run successfully completed]
[2025-04-02 19:35:26,538: INFO: file_deletion_process: DPID_20250402_19_35]
[2025-04-02 19:35:26,554: INFO: file_deletion_process: Deletion of json files started]
[2025-04-02 19:35:27,292: INFO: file_deletion_process: Deletion of json files completed]
[2025-04-02 19:35:27,305: INFO: file_deletion_process: Deletion Job for decrypted files was run successfully completed]
[2025-04-03 15:43:37,558: INFO: file_deletion_process: DPID_20250403_15_43]
[2025-04-03 15:43:37,563: INFO: file_deletion_process: Deletion of json files started]
[2025-04-03 15:44:08,296: INFO: automate_file_delete: Error: join() argument must be str, bytes, or os.PathLike object, not 'NoneType']
[2025-04-03 15:44:08,298: INFO: file_deletion_process: Deletion of json files completed]
[2025-04-03 15:44:14,540: INFO: file_deletion_process: Deletion Job for decrypted files was run successfully completed]
