2025-04-07 22:56:02: Starting the pipeline...
IPID_20250407_22_56
Job Started
[2025-04-07 22:56:03,651: INFO: file_loader: Processing file]
[2025-04-07 22:56:03,812: INFO: file_loader: successfully updated start_time, file_name and stg_table in sync_file]
[2025-04-07 22:56:03,812: INFO: file_loader: The file '/home/server_user/server/temp/f0J277xHATh/laboratory_test_0_20250101030456_decrypted.json' does not exist. Skipping to next file]
[2025-04-07 22:56:03,847: INFO: file_loader: Sync File log updated for 60e3caa4-1d68-491d-98d5-fb7e83292f92 successfully]
[2025-04-07 22:56:03,848: INFO: file_loader: Processing file]
[2025-04-07 22:56:04,022: INFO: file_loader: successfully updated start_time, file_name and stg_table in sync_file]
[2025-04-07 22:56:04,022: INFO: file_loader: The file '/home/server_user/server/temp/f0J277xHATh/laboratory_sample_type_0_20250101030456_decrypted.json' does not exist. Skipping to next file]
[2025-04-07 22:56:04,047: INFO: file_loader: Sync File log updated for fff67ba5-1638-40e7-877c-0fe019199245 successfully]
[2025-04-07 22:56:04,048: INFO: file_loader: Processing file]
[2025-04-07 22:56:04,210: INFO: file_loader: successfully updated start_time, file_name and stg_table in sync_file]
[2025-04-07 22:56:04,210: INFO: file_loader: The file '/home/server_user/server/temp/f0J277xHATh/laboratory_sample_0_20250101030456_decrypted.json' does not exist. Skipping to next file]
[2025-04-07 22:56:04,241: INFO: file_loader: Sync File log updated for 66906d05-e378-43dd-9185-c68f2290097b successfully]
[2025-04-07 22:56:04,242: INFO: file_loader: Processing file]
[2025-04-07 22:56:04,403: INFO: file_loader: successfully updated start_time, file_name and stg_table in sync_file]
[2025-04-07 22:56:04,403: INFO: file_loader: The file '/home/server_user/server/temp/f0J277xHATh/laboratory_order_0_20250101030456_decrypted.json' does not exist. Skipping to next file]
[2025-04-07 22:56:04,434: INFO: file_loader: Sync File log updated for c2d3c582-4e01-4768-990d-2e106d6a852e successfully]
[2025-04-07 22:56:04,434: INFO: file_loader: Processing file]
[2025-04-07 22:56:04,609: INFO: file_loader: successfully updated start_time, file_name and stg_table in sync_file]
[2025-04-07 22:56:04,610: INFO: file_loader: The file '/home/server_user/server/temp/f0J277xHATh/laboratory_result_0_20250101030456_decrypted.json' does not exist. Skipping to next file]
[2025-04-07 22:56:04,631: INFO: file_loader: Sync File log updated for e34e1a9a-97ef-45b5-92a5-13a7c6d860bd successfully]
[2025-04-07 22:56:04,631: INFO: file_loader: Processing file]
[2025-04-07 22:56:04,795: INFO: file_loader: successfully updated start_time, file_name and stg_table in sync_file]
[2025-04-07 22:56:04,795: INFO: file_loader: The file '/home/server_user/server/temp/f0J277xHATh/laboratory_labtestgroup_0_20250101030456_decrypted.json' does not exist. Skipping to next file]
[2025-04-07 22:56:04,823: INFO: file_loader: Sync File log updated for d4a31b48-f630-4a68-a8d9-48cfdfa1739c successfully]
[2025-04-07 22:56:04,823: INFO: file_loader: Processing file]
[2025-04-07 22:56:05,004: INFO: file_loader: successfully updated start_time, file_name and stg_table in sync_file]
[2025-04-07 22:56:05,004: INFO: file_loader: The file '/home/server_user/server/temp/f0J277xHATh/laboratory_labtest_0_20250101030456_decrypted.json' does not exist. Skipping to next file]
[2025-04-07 22:56:05,047: INFO: file_loader: Sync File log updated for 6bebc1b3-3fd2-4669-803b-d6a0ac08358d successfully]
[2025-04-07 22:56:05,048: INFO: file_loader: Processing file]
[2025-04-07 22:56:05,206: INFO: file_loader: successfully updated start_time, file_name and stg_table in sync_file]
[2025-04-07 22:56:05,206: INFO: file_loader: The file '/home/server_user/server/temp/f0J277xHATh/mhpss_screening_0_20250101030456_decrypted.json' does not exist. Skipping to next file]
[2025-04-07 22:56:05,241: INFO: file_loader: Sync File log updated for 1fecfd68-3ea9-4d6f-ab11-1208151bf959 successfully]
[2025-04-07 22:56:05,242: INFO: file_loader: Processing file]
[2025-04-07 22:56:05,401: INFO: file_loader: successfully updated start_time, file_name and stg_table in sync_file]
[2025-04-07 22:56:05,402: INFO: file_loader: The file '/home/server_user/server/temp/f0J277xHATh/case_manager_patients_0_20250101030456_decrypted.json' does not exist. Skipping to next file]
[2025-04-07 22:56:05,434: INFO: file_loader: Sync File log updated for 4f6dfdd7-c9b4-4995-940b-bf336d2fadb5 successfully]
[2025-04-07 22:56:05,434: INFO: file_loader: Processing file]
[2025-04-07 22:56:05,595: INFO: file_loader: successfully updated start_time, file_name and stg_table in sync_file]
[2025-04-07 22:56:05,596: INFO: file_loader: The file '/home/server_user/server/temp/f0J277xHATh/hiv_regimen_drug_0_20250101030456_decrypted.json' does not exist. Skipping to next file]
[2025-04-07 22:56:05,628: INFO: file_loader: Sync File log updated for 51c148ea-616b-4587-832b-e98fa1ebec95 successfully]
[2025-04-07 22:56:05,628: INFO: file_loader: Processing file]
[2025-04-07 22:56:05,804: INFO: file_loader: successfully updated start_time, file_name and stg_table in sync_file]
[2025-04-07 22:56:05,804: INFO: file_loader: The file '/home/server_user/server/temp/f0J277xHATh/hiv_regimen_resolver_0_20250101030456_decrypted.json' does not exist. Skipping to next file]
[2025-04-07 22:56:05,828: INFO: file_loader: Sync File log updated for 150e7be0-cf9b-41d2-a877-cd2c66e029d3 successfully]
[2025-04-07 22:56:05,829: INFO: file_loader: Processing file]
[2025-04-07 22:56:06,000: INFO: file_loader: successfully updated start_time, file_name and stg_table in sync_file]
[2025-04-07 22:56:06,000: INFO: file_loader: The file '/home/server_user/server/temp/f0J277xHATh/hiv_regimen_type_0_20250101030456_decrypted.json' does not exist. Skipping to next file]
[2025-04-07 22:56:06,033: INFO: file_loader: Sync File log updated for c57e215a-cd2d-4e11-bee6-7ddee8167d25 successfully]
[2025-04-07 22:56:06,033: INFO: file_loader: Processing file]
[2025-04-07 22:56:06,213: INFO: file_loader: successfully updated start_time, file_name and stg_table in sync_file]
[2025-04-07 22:56:06,213: INFO: file_loader: The file '/home/server_user/server/temp/f0J277xHATh/hiv_regimen_0_20250101030456_decrypted.json' does not exist. Skipping to next file]
[2025-04-07 22:56:06,246: INFO: file_loader: Sync File log updated for 6df904c6-45d4-4640-a652-c72b95b48a55 successfully]
[2025-04-07 22:56:06,247: INFO: file_loader: Processing file]
[2025-04-07 22:56:06,425: INFO: file_loader: successfully updated start_time, file_name and stg_table in sync_file]
[2025-04-07 22:56:06,426: INFO: file_loader: The file '/home/server_user/server/temp/f0J277xHATh/hiv_art_pharmacy_regimens_10_20250101030456_decrypted.json' does not exist. Skipping to next file]
[2025-04-07 22:56:06,452: INFO: file_loader: Sync File log updated for a8b6bce9-4cd2-4b02-917a-dee04954b143 successfully]
[2025-04-07 22:56:06,453: INFO: file_loader: Processing file]
[2025-04-07 22:56:06,619: INFO: file_loader: successfully updated start_time, file_name and stg_table in sync_file]
[2025-04-07 22:56:06,619: INFO: file_loader: The file '/home/server_user/server/temp/f0J277xHATh/hiv_art_pharmacy_regimens_9_20250101030456_decrypted.json' does not exist. Skipping to next file]
[2025-04-07 22:56:06,643: INFO: file_loader: Sync File log updated for a2da0823-0483-42e3-b388-bf5fb1d7dddd successfully]
[2025-04-07 22:56:06,643: INFO: file_loader: Processing file]
[2025-04-07 22:56:06,803: INFO: file_loader: successfully updated start_time, file_name and stg_table in sync_file]
[2025-04-07 22:56:06,803: INFO: file_loader: The file '/home/server_user/server/temp/f0J277xHATh/hiv_art_pharmacy_regimens_8_20250101030456_decrypted.json' does not exist. Skipping to next file]
[2025-04-07 22:56:06,828: INFO: file_loader: Sync File log updated for 5068dc71-4014-4378-868d-867ef3329480 successfully]
[2025-04-07 22:56:06,829: INFO: file_loader: Processing file]
[2025-04-07 22:56:06,989: INFO: file_loader: successfully updated start_time, file_name and stg_table in sync_file]
[2025-04-07 22:56:06,990: INFO: file_loader: The file '/home/server_user/server/temp/f0J277xHATh/hiv_art_pharmacy_regimens_5_20250101030456_decrypted.json' does not exist. Skipping to next file]
[2025-04-07 22:56:07,014: INFO: file_loader: Sync File log updated for 4c26af55-248e-479d-acca-3f836e3d7472 successfully]
[2025-04-07 22:56:07,015: INFO: file_loader: Processing file]
[2025-04-07 22:56:07,173: INFO: file_loader: successfully updated start_time, file_name and stg_table in sync_file]
[2025-04-07 22:56:07,173: INFO: file_loader: The file '/home/server_user/server/temp/f0J277xHATh/hiv_art_pharmacy_regimens_6_20250101030456_decrypted.json' does not exist. Skipping to next file]
[2025-04-07 22:56:07,199: INFO: file_loader: Sync File log updated for 6a272b10-1e2b-44b6-b42c-14840e771140 successfully]
[2025-04-07 22:56:07,199: INFO: file_loader: Processing file]
[2025-04-07 22:56:07,403: INFO: file_loader: successfully updated start_time, file_name and stg_table in sync_file]
[2025-04-07 22:56:07,404: INFO: file_loader: The file '/home/server_user/server/temp/f0J277xHATh/hiv_art_pharmacy_regimens_7_20250101030456_decrypted.json' does not exist. Skipping to next file]
[2025-04-07 22:56:07,428: INFO: file_loader: Sync File log updated for 3597e537-23be-4f84-9f82-f8560ada398a successfully]
[2025-04-07 22:56:07,428: INFO: file_loader: Processing file]
[2025-04-07 22:56:07,593: INFO: file_loader: successfully updated start_time, file_name and stg_table in sync_file]
[2025-04-07 22:56:07,594: INFO: file_loader: The file '/home/server_user/server/temp/f0J277xHATh/hiv_art_pharmacy_regimens_2_20250101030456_decrypted.json' does not exist. Skipping to next file]
[2025-04-07 22:56:07,627: INFO: file_loader: Sync File log updated for d530f2ac-4b5d-4a26-afd0-fb9aeb88d8fc successfully]
[2025-04-07 22:56:07,627: INFO: file_loader: Processing file]
[2025-04-07 22:56:07,787: INFO: file_loader: successfully updated start_time, file_name and stg_table in sync_file]
[2025-04-07 22:56:07,787: INFO: file_loader: The file '/home/server_user/server/temp/f0J277xHATh/hiv_art_pharmacy_regimens_3_20250101030456_decrypted.json' does not exist. Skipping to next file]
[2025-04-07 22:56:07,821: INFO: file_loader: Sync File log updated for 0ccf9dee-2f94-4f2f-9489-05279a382058 successfully]
[2025-04-07 22:56:07,822: INFO: file_loader: Processing file]
[2025-04-07 22:56:07,982: INFO: file_loader: successfully updated start_time, file_name and stg_table in sync_file]
[2025-04-07 22:56:07,983: INFO: file_loader: The file '/home/server_user/server/temp/f0J277xHATh/hiv_art_pharmacy_regimens_4_20250101030456_decrypted.json' does not exist. Skipping to next file]
[2025-04-07 22:56:08,014: INFO: file_loader: Sync File log updated for b5d41730-0150-4b7d-b02f-8baa146aaf65 successfully]
[2025-04-07 22:56:08,015: INFO: file_loader: Processing file]
[2025-04-07 22:56:08,199: INFO: file_loader: successfully updated start_time, file_name and stg_table in sync_file]
[2025-04-07 22:56:08,199: INFO: file_loader: The file '/home/server_user/server/temp/f0J277xHATh/hiv_art_pharmacy_regimens_1_20250101030456_decrypted.json' does not exist. Skipping to next file]
[2025-04-07 22:56:08,225: INFO: file_loader: Sync File log updated for 27a003a3-aef5-4958-83ae-af79a02c6473 successfully]
[2025-04-07 22:56:08,226: INFO: file_loader: Processing file]
[2025-04-07 22:56:08,389: INFO: file_loader: successfully updated start_time, file_name and stg_table in sync_file]
[2025-04-07 22:56:08,389: INFO: file_loader: The file '/home/server_user/server/temp/f0J277xHATh/hiv_art_pharmacy_regimens_0_20250101030456_decrypted.json' does not exist. Skipping to next file]
[2025-04-07 22:56:08,418: INFO: file_loader: Sync File log updated for 8e0eb101-3170-4e12-aa2c-92ccbf58b55a successfully]
[2025-04-07 22:56:08,418: INFO: file_loader: Processing file]
[2025-04-07 22:56:08,580: INFO: file_loader: successfully updated start_time, file_name and stg_table in sync_file]
[2025-04-07 22:56:08,580: INFO: file_loader: The file '/home/server_user/server/temp/f0J277xHATh/hiv_status_tracker_0_20250101030456_decrypted.json' does not exist. Skipping to next file]
[2025-04-07 22:56:08,608: INFO: file_loader: Sync File log updated for d404651b-bf62-4670-bcf0-c734f6f06dcb successfully]
[2025-04-07 22:56:08,608: INFO: file_loader: Processing file]
[2025-04-07 22:56:08,761: INFO: file_loader: successfully updated start_time, file_name and stg_table in sync_file]
[2025-04-07 22:56:08,762: INFO: file_loader: The file '/home/server_user/server/temp/f0J277xHATh/hiv_observation_0_20250101030456_decrypted.json' does not exist. Skipping to next file]
[2025-04-07 22:56:08,789: INFO: file_loader: Sync File log updated for 57e66e1e-c858-4131-a4b3-fb632d808d3d successfully]
[2025-04-07 22:56:08,790: INFO: file_loader: Processing file]
[2025-04-07 22:56:08,951: INFO: file_loader: successfully updated start_time, file_name and stg_table in sync_file]
[2025-04-07 22:56:08,952: INFO: file_loader: The file '/home/server_user/server/temp/f0J277xHATh/hiv_enrollment_0_20250101030456_decrypted.json' does not exist. Skipping to next file]
[2025-04-07 22:56:08,987: INFO: file_loader: Sync File log updated for 404cf63b-362f-4507-8c43-7a7158eb1112 successfully]
[2025-04-07 22:56:08,987: INFO: file_loader: Processing file]
[2025-04-07 22:56:09,151: INFO: file_loader: successfully updated start_time, file_name and stg_table in sync_file]
[2025-04-07 22:56:09,152: INFO: file_loader: The file '/home/server_user/server/temp/f0J277xHATh/hiv_art_pharmacy_0_20250101030456_decrypted.json' does not exist. Skipping to next file]
[2025-04-07 22:56:09,184: INFO: file_loader: Sync File log updated for 2e9ee0cd-8114-4a20-889d-2a0b42ef7083 successfully]
[2025-04-07 22:56:09,184: INFO: file_loader: Processing file]
[2025-04-07 22:56:09,351: INFO: file_loader: successfully updated start_time, file_name and stg_table in sync_file]
[2025-04-07 22:56:09,352: INFO: file_loader: The file '/home/server_user/server/temp/f0J277xHATh/hts_risk_stratification_0_20250101030456_decrypted.json' does not exist. Skipping to next file]
[2025-04-07 22:56:09,383: INFO: file_loader: Sync File log updated for cc896d89-b85d-4299-aee7-6c7568ff0c63 successfully]
[2025-04-07 22:56:09,383: INFO: file_loader: Processing file]
[2025-04-07 22:56:09,549: INFO: file_loader: successfully updated start_time, file_name and stg_table in sync_file]
[2025-04-07 22:56:09,550: INFO: file_loader: The file '/home/server_user/server/temp/f0J277xHATh/hts_index_elicitation_0_20250101030456_decrypted.json' does not exist. Skipping to next file]
[2025-04-07 22:56:09,580: INFO: file_loader: Sync File log updated for 5d4e7b6b-0c42-40bf-be7a-0f93d7ee45e2 successfully]
[2025-04-07 22:56:09,581: INFO: file_loader: Processing file]
[2025-04-07 22:56:09,739: INFO: file_loader: successfully updated start_time, file_name and stg_table in sync_file]
[2025-04-07 22:56:09,739: INFO: file_loader: The file '/home/server_user/server/temp/f0J277xHATh/hts_client_0_20250101030456_decrypted.json' does not exist. Skipping to next file]
[2025-04-07 22:56:09,762: INFO: file_loader: Sync File log updated for 29b5f4b5-5ee6-4e7d-8b33-ace944b7fde2 successfully]
[2025-04-07 22:56:09,763: INFO: file_loader: Processing file]
[2025-04-07 22:56:09,928: INFO: file_loader: successfully updated start_time, file_name and stg_table in sync_file]
[2025-04-07 22:56:09,928: INFO: file_loader: The file '/home/server_user/server/temp/f0J277xHATh/prep_regimen_0_20250101030456_decrypted.json' does not exist. Skipping to next file]
[2025-04-07 22:56:09,959: INFO: file_loader: Sync File log updated for b697a328-30f5-4e88-a5da-50b77f2d4a59 successfully]
[2025-04-07 22:56:09,959: INFO: file_loader: Processing file]
[2025-04-07 22:56:10,141: INFO: file_loader: successfully updated start_time, file_name and stg_table in sync_file]
[2025-04-07 22:56:10,141: INFO: file_loader: The file '/home/server_user/server/temp/f0J277xHATh/prep_enrollment_0_20250101030456_decrypted.json' does not exist. Skipping to next file]
[2025-04-07 22:56:10,171: INFO: file_loader: Sync File log updated for 5cea9f76-64ab-4c5f-b5e5-2568ed707c33 successfully]
[2025-04-07 22:56:10,171: INFO: file_loader: Processing file]
[2025-04-07 22:56:10,329: INFO: file_loader: successfully updated start_time, file_name and stg_table in sync_file]
[2025-04-07 22:56:10,329: INFO: file_loader: The file '/home/server_user/server/temp/f0J277xHATh/biometric_0_20250101030456_decrypted.json' does not exist. Skipping to next file]
[2025-04-07 22:56:10,352: INFO: file_loader: Sync File log updated for 68211542-4a04-4fef-8a5b-11abed8aaaa5 successfully]
[2025-04-07 22:56:10,353: INFO: file_loader: Processing file]
[2025-04-07 22:56:10,512: INFO: file_loader: successfully updated start_time, file_name and stg_table in sync_file]
[2025-04-07 22:56:10,513: INFO: file_loader: The file '/home/server_user/server/temp/f0J277xHATh/triage_vital_sign_0_20250101030456_decrypted.json' does not exist. Skipping to next file]
[2025-04-07 22:56:10,548: INFO: file_loader: Sync File log updated for 2dc068de-c28c-4ed8-9ef8-e9352087a395 successfully]
[2025-04-07 22:56:10,548: INFO: file_loader: Processing file]
[2025-04-07 22:56:10,714: INFO: file_loader: successfully updated start_time, file_name and stg_table in sync_file]
[2025-04-07 22:56:10,714: INFO: file_loader: The file '/home/server_user/server/temp/f0J277xHATh/patient_visit_0_20250101030456_decrypted.json' does not exist. Skipping to next file]
[2025-04-07 22:56:10,742: INFO: file_loader: Sync File log updated for 09feca16-e0c0-4aae-b5e5-6807ce6dd537 successfully]
[2025-04-07 22:56:10,743: INFO: file_loader: Processing file]
[2025-04-07 22:56:10,901: INFO: file_loader: successfully updated start_time, file_name and stg_table in sync_file]
[2025-04-07 22:56:10,901: INFO: file_loader: The file '/home/server_user/server/temp/f0J277xHATh/patient_person_0_20250101030456_decrypted.json' does not exist. Skipping to next file]
[2025-04-07 22:56:10,924: INFO: file_loader: Sync File log updated for bd5f9cf1-685e-4897-841b-9bd8981dcff6 successfully]
[2025-04-07 22:56:10,925: INFO: file_loader: Processing file]
[2025-04-07 22:56:11,082: INFO: file_loader: successfully updated start_time, file_name and stg_table in sync_file]
[2025-04-07 22:56:11,083: INFO: file_loader: The file '/home/server_user/server/temp/f0J277xHATh/patient_encounter_0_20250101030456_decrypted.json' does not exist. Skipping to next file]
[2025-04-07 22:56:11,115: INFO: file_loader: Sync File log updated for aae5425c-0bed-4c0b-bc96-470c4ae3ee5d successfully]
[2025-04-07 22:56:11,116: INFO: file_loader: Processing file]
[2025-04-07 22:56:11,277: INFO: file_loader: successfully updated start_time, file_name and stg_table in sync_file]
[2025-04-07 22:56:11,278: INFO: file_loader: The file '/home/server_user/server/temp/f0J277xHATh/base_organisation_unit_0_20250101030456_decrypted.json' does not exist. Skipping to next file]
[2025-04-07 22:56:11,311: INFO: file_loader: Sync File log updated for ae1733fa-421d-4882-aec5-6693655d8a3c successfully]
[2025-04-07 22:56:11,312: INFO: file_loader: Processing file]
[2025-04-07 22:56:11,513: INFO: file_loader: successfully updated start_time, file_name and stg_table in sync_file]
[2025-04-07 22:56:11,514: INFO: file_loader: The file '/home/server_user/server/temp/f0J277xHATh/base_organisation_unit_1_20250101030456_decrypted.json' does not exist. Skipping to next file]
[2025-04-07 22:56:11,539: INFO: file_loader: Sync File log updated for 61ab0519-4acc-40d4-bd78-3f8612791670 successfully]
[2025-04-07 22:56:11,539: INFO: file_loader: Processing file]
[2025-04-07 22:56:11,686: INFO: file_loader: successfully updated start_time, file_name and stg_table in sync_file]
[2025-04-07 22:56:11,687: INFO: file_loader: The file '/home/server_user/server/temp/f0J277xHATh/base_application_codeset_0_20250101030456_decrypted.json' does not exist. Skipping to next file]
[2025-04-07 22:56:11,713: INFO: file_loader: Sync File log updated for 8b4520a5-7e8c-4a4b-ad0a-557e6bbd8a8f successfully]
[2025-04-07 22:56:11,713: INFO: file_loader: Processing file]
[2025-04-07 22:56:11,869: INFO: file_loader: successfully updated start_time, file_name and stg_table in sync_file]
[2025-04-07 22:56:11,869: INFO: file_loader: The file '/home/server_user/server/temp/iWJPpf18IyU/laboratory_sample_type_0_20250101045710_decrypted.json' does not exist. Skipping to next file]
[2025-04-07 22:56:11,896: INFO: file_loader: Sync File log updated for 32f678bf-1f33-4bd2-8c19-c169f682e97f successfully]
[2025-04-07 22:56:11,896: INFO: file_loader: Processing file]
[2025-04-07 22:56:12,057: INFO: file_loader: successfully updated start_time, file_name and stg_table in sync_file]
[2025-04-07 22:56:12,058: INFO: file_loader: The file '/home/server_user/server/temp/iWJPpf18IyU/laboratory_labtestgroup_0_20250101045710_decrypted.json' does not exist. Skipping to next file]
[2025-04-07 22:56:12,089: INFO: file_loader: Sync File log updated for 0c6320ce-28ea-43fd-9fd8-f6b8600a3ff8 successfully]
[2025-04-07 22:56:12,089: INFO: file_loader: Processing file]
[2025-04-07 22:56:12,242: INFO: file_loader: successfully updated start_time, file_name and stg_table in sync_file]
[2025-04-07 22:56:12,242: INFO: file_loader: The file '/home/server_user/server/temp/iWJPpf18IyU/laboratory_labtest_0_20250101045710_decrypted.json' does not exist. Skipping to next file]
[2025-04-07 22:56:12,263: INFO: file_loader: Sync File log updated for 5e27dec3-fe8a-4c47-9ad0-eec540221404 successfully]
[2025-04-07 22:56:12,263: INFO: file_loader: Processing file]
[2025-04-07 22:56:12,436: INFO: file_loader: successfully updated start_time, file_name and stg_table in sync_file]
[2025-04-07 22:56:12,436: INFO: file_loader: The file '/home/server_user/server/temp/iWJPpf18IyU/hiv_regimen_resolver_0_20250101045710_decrypted.json' does not exist. Skipping to next file]
[2025-04-07 22:56:12,464: INFO: file_loader: Sync File log updated for 73d66814-36e7-42f4-a01d-5737e08fa7f5 successfully]
[2025-04-07 22:56:12,464: INFO: file_loader: Processing file]
[2025-04-07 22:56:12,647: INFO: file_loader: successfully updated start_time, file_name and stg_table in sync_file]
[2025-04-07 22:56:12,647: INFO: file_loader: The file '/home/server_user/server/temp/iWJPpf18IyU/hiv_regimen_type_0_20250101045710_decrypted.json' does not exist. Skipping to next file]
[2025-04-07 22:56:12,683: INFO: file_loader: Sync File log updated for fd9335a2-40f7-4b62-869b-cd356e53fd4f successfully]
[2025-04-07 22:56:12,683: INFO: file_loader: Processing file]
[2025-04-07 22:56:12,880: INFO: file_loader: successfully updated start_time, file_name and stg_table in sync_file]
[2025-04-07 22:56:12,880: INFO: file_loader: The file '/home/server_user/server/temp/iWJPpf18IyU/hiv_regimen_drug_0_20250101045710_decrypted.json' does not exist. Skipping to next file]
[2025-04-07 22:56:12,914: INFO: file_loader: Sync File log updated for b31553de-66d6-43f4-9b1c-41d0e4499d7f successfully]
[2025-04-07 22:56:12,914: INFO: file_loader: Processing file]
[2025-04-07 22:56:13,094: INFO: file_loader: successfully updated start_time, file_name and stg_table in sync_file]
[2025-04-07 22:56:13,095: INFO: file_loader: The file '/home/server_user/server/temp/iWJPpf18IyU/hiv_art_pharmacy_regimens_14_20250101045710_decrypted.json' does not exist. Skipping to next file]
[2025-04-07 22:56:13,119: INFO: file_loader: Sync File log updated for 5b116181-0bc4-4782-902e-d47b99cd826b successfully]
[2025-04-07 22:56:13,119: INFO: file_loader: Processing file]
[2025-04-07 22:56:13,325: INFO: file_loader: successfully updated start_time, file_name and stg_table in sync_file]
[2025-04-07 22:56:13,325: INFO: file_loader: The file '/home/server_user/server/temp/iWJPpf18IyU/hiv_art_pharmacy_regimens_15_20250101045710_decrypted.json' does not exist. Skipping to next file]
[2025-04-07 22:56:13,360: INFO: file_loader: Sync File log updated for 21f94ac1-c7b1-4996-86de-5890615b7f7c successfully]
[2025-04-07 22:56:13,360: INFO: file_loader: Processing file]
[2025-04-07 22:56:13,544: INFO: file_loader: successfully updated start_time, file_name and stg_table in sync_file]
[2025-04-07 22:56:13,544: INFO: file_loader: The file '/home/server_user/server/temp/iWJPpf18IyU/hiv_art_pharmacy_regimens_16_20250101045710_decrypted.json' does not exist. Skipping to next file]
[2025-04-07 22:56:13,577: INFO: file_loader: Sync File log updated for 3413955a-73d4-4172-bb23-f8be8901afcb successfully]
[2025-04-07 22:56:13,577: INFO: file_loader: Processing file]
[2025-04-07 22:56:13,769: INFO: file_loader: successfully updated start_time, file_name and stg_table in sync_file]
[2025-04-07 22:56:13,770: INFO: file_loader: The file '/home/server_user/server/temp/iWJPpf18IyU/hiv_regimen_0_20250101045710_decrypted.json' does not exist. Skipping to next file]
[2025-04-07 22:56:13,799: INFO: file_loader: Sync File log updated for 2044bcfb-36b6-4a24-9385-2d67b0201270 successfully]
[2025-04-07 22:56:13,799: INFO: file_loader: Processing file]
[2025-04-07 22:56:13,985: INFO: file_loader: successfully updated start_time, file_name and stg_table in sync_file]
[2025-04-07 22:56:13,986: INFO: file_loader: The file '/home/server_user/server/temp/iWJPpf18IyU/hiv_art_pharmacy_regimens_9_20250101045710_decrypted.json' does not exist. Skipping to next file]
[2025-04-07 22:56:14,019: INFO: file_loader: Sync File log updated for 162925de-a346-4d04-842f-5b7be1ef162d successfully]
[2025-04-07 22:56:14,020: INFO: file_loader: Processing file]
[2025-04-07 22:56:14,183: INFO: file_loader: successfully updated start_time, file_name and stg_table in sync_file]
[2025-04-07 22:56:14,184: INFO: file_loader: The file '/home/server_user/server/temp/iWJPpf18IyU/hiv_art_pharmacy_regimens_10_20250101045710_decrypted.json' does not exist. Skipping to next file]
[2025-04-07 22:56:14,218: INFO: file_loader: Sync File log updated for 5ec71e43-3317-4d3a-8146-f57b2486b3a6 successfully]
[2025-04-07 22:56:14,219: INFO: file_loader: Processing file]
[2025-04-07 22:56:14,369: INFO: file_loader: successfully updated start_time, file_name and stg_table in sync_file]
[2025-04-07 22:56:14,370: INFO: file_loader: The file '/home/server_user/server/temp/iWJPpf18IyU/hiv_art_pharmacy_regimens_11_20250101045710_decrypted.json' does not exist. Skipping to next file]
[2025-04-07 22:56:14,393: INFO: file_loader: Sync File log updated for 8d313836-0368-4c49-b26f-fabf4aff8e17 successfully]
[2025-04-07 22:56:14,394: INFO: file_loader: Processing file]
[2025-04-07 22:56:14,553: INFO: file_loader: successfully updated start_time, file_name and stg_table in sync_file]
[2025-04-07 22:56:14,553: INFO: file_loader: The file '/home/server_user/server/temp/iWJPpf18IyU/hiv_art_pharmacy_regimens_12_20250101045710_decrypted.json' does not exist. Skipping to next file]
[2025-04-07 22:56:14,587: INFO: file_loader: Sync File log updated for e23fb09b-acd1-49f4-ae62-477e0c38a9d6 successfully]
[2025-04-07 22:56:14,587: INFO: file_loader: Processing file]
[2025-04-07 22:56:14,740: INFO: file_loader: successfully updated start_time, file_name and stg_table in sync_file]
[2025-04-07 22:56:14,741: INFO: file_loader: The file '/home/server_user/server/temp/iWJPpf18IyU/hiv_art_pharmacy_regimens_13_20250101045710_decrypted.json' does not exist. Skipping to next file]
[2025-04-07 22:56:14,777: INFO: file_loader: Sync File log updated for bd0ef478-1325-415c-8080-ea29a260aeb3 successfully]
[2025-04-07 22:56:14,777: INFO: file_loader: Processing file]
[2025-04-07 22:56:14,937: INFO: file_loader: successfully updated start_time, file_name and stg_table in sync_file]
[2025-04-07 22:56:14,938: INFO: file_loader: The file '/home/server_user/server/temp/iWJPpf18IyU/hiv_art_pharmacy_regimens_6_20250101045710_decrypted.json' does not exist. Skipping to next file]
[2025-04-07 22:56:14,971: INFO: file_loader: Sync File log updated for 45a3d216-3b95-4e67-afe8-07bb7cf68593 successfully]
[2025-04-07 22:56:14,971: INFO: file_loader: Processing file]
[2025-04-07 22:56:15,130: INFO: file_loader: successfully updated start_time, file_name and stg_table in sync_file]
[2025-04-07 22:56:15,131: INFO: file_loader: The file '/home/server_user/server/temp/iWJPpf18IyU/hiv_art_pharmacy_regimens_7_20250101045710_decrypted.json' does not exist. Skipping to next file]
[2025-04-07 22:56:15,155: INFO: file_loader: Sync File log updated for 5676d378-2701-40da-beed-60d360053a68 successfully]
[2025-04-07 22:56:15,155: INFO: file_loader: Processing file]
[2025-04-07 22:56:15,314: INFO: file_loader: successfully updated start_time, file_name and stg_table in sync_file]
[2025-04-07 22:56:15,315: INFO: file_loader: The file '/home/server_user/server/temp/iWJPpf18IyU/hiv_art_pharmacy_regimens_8_20250101045710_decrypted.json' does not exist. Skipping to next file]
[2025-04-07 22:56:15,343: INFO: file_loader: Sync File log updated for 45794fbd-0bc5-4349-860c-bad634fc97d3 successfully]
[2025-04-07 22:56:15,343: INFO: file_loader: Processing file]
[2025-04-07 22:56:15,500: INFO: file_loader: successfully updated start_time, file_name and stg_table in sync_file]
[2025-04-07 22:56:15,501: INFO: file_loader: The file '/home/server_user/server/temp/iWJPpf18IyU/hiv_art_pharmacy_regimens_2_20250101045710_decrypted.json' does not exist. Skipping to next file]
[2025-04-07 22:56:15,524: INFO: file_loader: Sync File log updated for 12bc530d-6e70-4e5c-9b78-78eb59467515 successfully]
[2025-04-07 22:56:15,525: INFO: file_loader: Processing file]
[2025-04-07 22:56:15,705: INFO: file_loader: successfully updated start_time, file_name and stg_table in sync_file]
[2025-04-07 22:56:15,706: INFO: file_loader: The file '/home/server_user/server/temp/iWJPpf18IyU/hiv_art_pharmacy_regimens_3_20250101045710_decrypted.json' does not exist. Skipping to next file]
[2025-04-07 22:56:15,730: INFO: file_loader: Sync File log updated for 242eaaec-753c-40b8-a9aa-246609bd69f0 successfully]
[2025-04-07 22:56:15,731: INFO: file_loader: Processing file]
[2025-04-07 22:56:15,916: INFO: file_loader: successfully updated start_time, file_name and stg_table in sync_file]
[2025-04-07 22:56:15,916: INFO: file_loader: The file '/home/server_user/server/temp/iWJPpf18IyU/hiv_art_pharmacy_regimens_4_20250101045710_decrypted.json' does not exist. Skipping to next file]
[2025-04-07 22:56:15,949: INFO: file_loader: Sync File log updated for 5106c8b4-05c6-4112-b384-95e7046e04a7 successfully]
[2025-04-07 22:56:15,949: INFO: file_loader: Processing file]
[2025-04-07 22:56:16,100: INFO: file_loader: successfully updated start_time, file_name and stg_table in sync_file]
[2025-04-07 22:56:16,101: INFO: file_loader: The file '/home/server_user/server/temp/iWJPpf18IyU/hiv_art_pharmacy_regimens_5_20250101045710_decrypted.json' does not exist. Skipping to next file]
[2025-04-07 22:56:16,129: INFO: file_loader: Sync File log updated for d8f9ab55-e294-4c14-a3c4-3b22773d0316 successfully]
[2025-04-07 22:56:16,129: INFO: file_loader: Processing file]
[2025-04-07 22:56:16,291: INFO: file_loader: successfully updated start_time, file_name and stg_table in sync_file]
[2025-04-07 22:56:16,292: INFO: file_loader: The file '/home/server_user/server/temp/iWJPpf18IyU/hiv_art_pharmacy_regimens_0_20250101045710_decrypted.json' does not exist. Skipping to next file]
[2025-04-07 22:56:16,325: INFO: file_loader: Sync File log updated for 2b0b01f8-a97b-4097-85fb-53f8ef76ceb3 successfully]
[2025-04-07 22:56:16,325: INFO: file_loader: Processing file]
[2025-04-07 22:56:16,488: INFO: file_loader: successfully updated start_time, file_name and stg_table in sync_file]
[2025-04-07 22:56:16,490: INFO: file_loader: The file '/home/server_user/server/temp/iWJPpf18IyU/hiv_art_pharmacy_regimens_1_20250101045710_decrypted.json' does not exist. Skipping to next file]
[2025-04-07 22:56:16,524: INFO: file_loader: Sync File log updated for 0bf22338-1652-4583-af1a-b2385f1c0461 successfully]
[2025-04-07 22:56:16,524: INFO: file_loader: Processing file]
[2025-04-07 22:56:16,682: INFO: file_loader: successfully updated start_time, file_name and stg_table in sync_file]
[2025-04-07 22:56:16,683: INFO: file_loader: The file '/home/server_user/server/temp/iWJPpf18IyU/hiv_status_tracker_0_20250101045710_decrypted.json' does not exist. Skipping to next file]
[2025-04-07 22:56:16,717: INFO: file_loader: Sync File log updated for 4e59239b-18ac-419d-835c-082549d8fb1a successfully]
[2025-04-07 22:56:16,717: INFO: file_loader: Processing file]
[2025-04-07 22:56:16,880: INFO: file_loader: successfully updated start_time, file_name and stg_table in sync_file]
[2025-04-07 22:56:16,880: INFO: file_loader: The file '/home/server_user/server/temp/iWJPpf18IyU/hiv_observation_0_20250101045710_decrypted.json' does not exist. Skipping to next file]
[2025-04-07 22:56:16,913: INFO: file_loader: Sync File log updated for 4f37b78f-8b58-425e-93d1-87f13ca1e0d7 successfully]
[2025-04-07 22:56:16,914: INFO: file_loader: Processing file]
[2025-04-07 22:56:17,084: INFO: file_loader: successfully updated start_time, file_name and stg_table in sync_file]
[2025-04-07 22:56:17,085: INFO: file_loader: The file '/home/server_user/server/temp/iWJPpf18IyU/hiv_art_pharmacy_0_20250101045710_decrypted.json' does not exist. Skipping to next file]
[2025-04-07 22:56:17,117: INFO: file_loader: Sync File log updated for f665f7be-bd6e-4b2e-ab60-de44d33df598 successfully]
[2025-04-07 22:56:17,117: INFO: file_loader: Processing file]
[2025-04-07 22:56:17,280: INFO: file_loader: successfully updated start_time, file_name and stg_table in sync_file]
[2025-04-07 22:56:17,280: INFO: file_loader: The file '/home/server_user/server/temp/iWJPpf18IyU/prep_regimen_0_20250101045710_decrypted.json' does not exist. Skipping to next file]
[2025-04-07 22:56:17,314: INFO: file_loader: Sync File log updated for 63eba355-15e0-4ec7-81dc-010d36552c24 successfully]
[2025-04-07 22:56:17,315: INFO: file_loader: Processing file]
[2025-04-07 22:56:17,476: INFO: file_loader: successfully updated start_time, file_name and stg_table in sync_file]
[2025-04-07 22:56:17,476: INFO: file_loader: The file '/home/server_user/server/temp/iWJPpf18IyU/biometric_0_20250101045710_decrypted.json' does not exist. Skipping to next file]
[2025-04-07 22:56:17,509: INFO: file_loader: Sync File log updated for 8b8d0134-7a84-40ce-84c5-55494d936b54 successfully]
[2025-04-07 22:56:17,509: INFO: file_loader: Processing file]
[2025-04-07 22:56:17,676: INFO: file_loader: successfully updated start_time, file_name and stg_table in sync_file]
[2025-04-07 22:56:17,676: INFO: file_loader: The file '/home/server_user/server/temp/iWJPpf18IyU/triage_vital_sign_0_20250101045710_decrypted.json' does not exist. Skipping to next file]
[2025-04-07 22:56:17,709: INFO: file_loader: Sync File log updated for efbc05c0-3d3c-4e22-91ef-c7063db4d853 successfully]
[2025-04-07 22:56:17,710: INFO: file_loader: Processing file]
[2025-04-07 22:56:17,873: INFO: file_loader: successfully updated start_time, file_name and stg_table in sync_file]
[2025-04-07 22:56:17,873: INFO: file_loader: The file '/home/server_user/server/temp/iWJPpf18IyU/patient_visit_0_20250101045710_decrypted.json' does not exist. Skipping to next file]
[2025-04-07 22:56:17,906: INFO: file_loader: Sync File log updated for 57d0a42c-315d-40df-8448-cd2160cfbc52 successfully]
[2025-04-07 22:56:17,907: INFO: file_loader: Processing file]
[2025-04-07 22:56:18,066: INFO: file_loader: successfully updated start_time, file_name and stg_table in sync_file]
[2025-04-07 22:56:18,066: INFO: file_loader: The file '/home/server_user/server/temp/iWJPpf18IyU/patient_encounter_0_20250101045710_decrypted.json' does not exist. Skipping to next file]
[2025-04-07 22:56:18,095: INFO: file_loader: Sync File log updated for 9a96a658-0d82-48ad-8aa3-732175c259cd successfully]
[2025-04-07 22:56:18,095: INFO: file_loader: Processing file]
[2025-04-07 22:56:18,252: INFO: file_loader: successfully updated start_time, file_name and stg_table in sync_file]
[2025-04-07 22:56:18,252: INFO: file_loader: The file '/home/server_user/server/temp/iWJPpf18IyU/base_organisation_unit_1_20250101045710_decrypted.json' does not exist. Skipping to next file]
[2025-04-07 22:56:18,283: INFO: file_loader: Sync File log updated for a84ce7a3-8f81-4330-ad2c-c17a985d3664 successfully]
[2025-04-07 22:56:18,284: INFO: file_loader: Processing file]
[2025-04-07 22:56:18,442: INFO: file_loader: successfully updated start_time, file_name and stg_table in sync_file]
[2025-04-07 22:56:18,442: INFO: file_loader: The file '/home/server_user/server/temp/iWJPpf18IyU/base_organisation_unit_0_20250101045710_decrypted.json' does not exist. Skipping to next file]
[2025-04-07 22:56:18,477: INFO: file_loader: Sync File log updated for 8232b174-5276-4385-8af6-7ae60ec69a77 successfully]
[2025-04-07 22:56:18,477: INFO: file_loader: Processing file]
[2025-04-07 22:56:18,678: INFO: file_loader: successfully updated start_time, file_name and stg_table in sync_file]
[2025-04-07 22:56:18,679: INFO: file_loader: The file '/home/server_user/server/temp/iWJPpf18IyU/base_application_codeset_0_20250101045710_decrypted.json' does not exist. Skipping to next file]
[2025-04-07 22:56:18,711: INFO: file_loader: Sync File log updated for 743d95d5-6f51-4e1e-a739-d0b1ca6e981c successfully]
[2025-04-07 22:56:18,711: INFO: file_loader: json files successfully processed]
Job was run Successfully
2025-04-07 22:56:19: Pipeline completed successfully.
2025-04-07 23:00:01: Starting the pipeline...
IPID_20250407_23_00
Job Started
[2025-04-07 23:00:02,829: INFO: file_loader: json files successfully processed]
Job was run Successfully
2025-04-07 23:00:03: Pipeline completed successfully.
