[2024-12-19 21:25:07,688: ERROR: dsd_ingestion_process: Error connecting to PostgreSQL database: connection to server at "localhost" (::1), port 5432 failed: FATAL:  password authentication failed for user "lamisplus_etl"
]
Traceback (most recent call last):
  File "C:\Users\5300\Documents\Palladium\lamisplus_sync__ingestion\file_ingestion_process\dsd_ingestion_process.py", line 43, in connect_to_db
    conn = psycopg2.connect(**db_params)
  File "C:\Users\5300\AppData\Local\anaconda3\lib\site-packages\psycopg2\__init__.py", line 122, in connect
    conn = _connect(dsn, connection_factory=connection_factory, **kwasync)
psycopg2.OperationalError: connection to server at "localhost" (::1), port 5432 failed: FATAL:  password authentication failed for user "lamisplus_etl"

[2024-12-19 21:25:07,702: ERROR: dsd_ingestion_process: Error connecting to PostgreSQL database: connection to server at "localhost" (::1), port 5432 failed: FATAL:  password authentication failed for user "lamisplus_etl"
]
Traceback (most recent call last):
  File "C:\Users\5300\Documents\Palladium\lamisplus_sync__ingestion\file_ingestion_process\dsd_ingestion_process.py", line 60, in main
    conn, cur = connect_to_db(db_params)
  File "C:\Users\5300\Documents\Palladium\lamisplus_sync__ingestion\file_ingestion_process\dsd_ingestion_process.py", line 43, in connect_to_db
    conn = psycopg2.connect(**db_params)
  File "C:\Users\5300\AppData\Local\anaconda3\lib\site-packages\psycopg2\__init__.py", line 122, in connect
    conn = _connect(dsn, connection_factory=connection_factory, **kwasync)
psycopg2.OperationalError: connection to server at "localhost" (::1), port 5432 failed: FATAL:  password authentication failed for user "lamisplus_etl"

[2024-12-19 21:29:59,309: INFO: dsd_ingestion_process: Log ID: IPID_20241219_21_29]
[2024-12-19 21:29:59,324: INFO: dsd_ingestion_process: Job Started]
[2024-12-19 21:29:59,385: INFO: dsd_loader: The file 'C:\Users\5300\Documents\Palladium\lamisplus_file_server\server\cYdxH1tF7Di\patient_person_9_20241213134221_decrypted.json' does not exist. Skipping to next file]
[2024-12-19 21:29:59,448: INFO: dsd_loader: Sync File log updated for 7edb0a12-d1f3-4d05-84cd-233a4481b9d2 successfully]
[2024-12-19 21:29:59,448: INFO: dsd_loader: json files successfully processed]
[2024-12-19 21:29:59,469: INFO: dsd_ingestion_process: Job was run Successfully]
[2024-12-19 21:32:32,347: INFO: dsd_ingestion_process: Log ID: IPID_20241219_21_32]
[2024-12-19 21:32:32,350: INFO: dsd_ingestion_process: Job Started]
[2024-12-19 21:32:32,420: INFO: dsd_loader: The file 'C:\Users\5300\Documents\Palladium\lamisplus_file_server\server\cYdxH1tF7Di\patient_person_8_20241213134221_decrypted.json' does not exist. Skipping to next file]
[2024-12-19 21:32:32,493: INFO: dsd_loader: Sync File log updated for 665054b6-0ca6-486e-88a9-8a1aa28ce691 successfully]
[2024-12-19 21:32:32,493: INFO: dsd_loader: The file 'C:\Users\5300\Documents\Palladium\lamisplus_file_server\server\cYdxH1tF7Di\patient_person_7_20241213134221_decrypted.json' does not exist. Skipping to next file]
[2024-12-19 21:32:32,588: INFO: dsd_loader: Sync File log updated for 5301486f-dfbf-4ca9-b74a-885d867d1eca successfully]
[2024-12-19 21:32:32,588: INFO: dsd_loader: The file 'C:\Users\5300\Documents\Palladium\lamisplus_file_server\server\cYdxH1tF7Di\patient_person_6_20241213134221_decrypted.json' does not exist. Skipping to next file]
[2024-12-19 21:32:32,709: INFO: dsd_loader: Sync File log updated for 367b2f96-1d6a-4b5a-8b05-a021a9c8b445 successfully]
[2024-12-19 21:32:32,709: INFO: dsd_loader: The file 'C:\Users\5300\Documents\Palladium\lamisplus_file_server\server\cYdxH1tF7Di\patient_person_5_20241213134221_decrypted.json' does not exist. Skipping to next file]
[2024-12-19 21:32:32,822: INFO: dsd_loader: Sync File log updated for ed9202d9-9330-4ab1-8a29-e9e79896f5fc successfully]
[2024-12-19 21:32:32,824: INFO: dsd_loader: The file 'C:\Users\5300\Documents\Palladium\lamisplus_file_server\server\cYdxH1tF7Di\patient_person_4_20241213134221_decrypted.json' does not exist. Skipping to next file]
[2024-12-19 21:32:32,904: INFO: dsd_loader: Sync File log updated for 8f1f03d9-9edc-42c9-86e2-cf04332954c6 successfully]
[2024-12-19 21:32:32,906: INFO: dsd_loader: The file 'C:\Users\5300\Documents\Palladium\lamisplus_file_server\server\cYdxH1tF7Di\patient_person_3_20241213134221_decrypted.json' does not exist. Skipping to next file]
[2024-12-19 21:32:32,983: INFO: dsd_loader: Sync File log updated for b2cffb12-d2e3-40bb-a2d2-f53d917cb505 successfully]
[2024-12-19 21:32:32,983: INFO: dsd_loader: The file 'C:\Users\5300\Documents\Palladium\lamisplus_file_server\server\cYdxH1tF7Di\patient_person_2_20241213134221_decrypted.json' does not exist. Skipping to next file]
[2024-12-19 21:32:33,050: INFO: dsd_loader: Sync File log updated for 3423b91d-60e2-4421-b3d6-6ae535d1d458 successfully]
[2024-12-19 21:32:33,053: INFO: dsd_loader: The file 'C:\Users\5300\Documents\Palladium\lamisplus_file_server\server\cYdxH1tF7Di\patient_person_1_20241213134221_decrypted.json' does not exist. Skipping to next file]
[2024-12-19 21:32:33,121: INFO: dsd_loader: Sync File log updated for 160bec75-a3f4-4b32-b044-0b759482d1c1 successfully]
[2024-12-19 21:32:33,121: INFO: dsd_loader: The file 'C:\Users\5300\Documents\Palladium\lamisplus_file_server\server\cYdxH1tF7Di\patient_person_0_20241213134221_decrypted.json' does not exist. Skipping to next file]
[2024-12-19 21:32:33,199: INFO: dsd_loader: Sync File log updated for b10c2f21-72f2-4b33-8b33-1c4324f73b53 successfully]
[2024-12-19 21:32:33,199: INFO: dsd_loader: The file 'C:\Users\5300\Documents\Palladium\lamisplus_file_server\server\cYdxH1tF7Di\patient_person_0_20241216191128_decrypted.json' does not exist. Skipping to next file]
[2024-12-19 21:32:33,404: INFO: dsd_loader: Sync File log updated for 453702e2-a04b-4c4c-adfb-a5b37d6d7085 successfully]
[2024-12-19 21:32:33,404: INFO: dsd_loader: json files successfully processed]
[2024-12-19 21:32:33,415: INFO: dsd_ingestion_process: Job was run Successfully]
[2024-12-19 21:33:52,750: INFO: dsd_ingestion_process: Log ID: IPID_20241219_21_33]
[2024-12-19 21:33:52,750: INFO: dsd_ingestion_process: Job Started]
[2024-12-19 21:33:52,798: INFO: dsd_loader: -----------------------------------------------------------------------------]
[2024-12-19 21:33:52,798: INFO: dsd_loader: The file 'C:\Users\5300\Documents\Palladium\lamisplus_file_server\server\temp\cYdxH1tF7Di\patient_person_9_20241213134221_decrypted.json' exists.]
[2024-12-19 21:33:52,798: INFO: dsd_loader: Processing file]
[2024-12-19 21:33:52,911: INFO: dsd_loader: patient_person_9_20241213134221_decrypted.json yet to be loaded]
[2024-12-19 21:33:52,989: INFO: dsd_loader: (successfully inserted records into file_ingestion_log]
[2024-12-19 21:33:52,996: INFO: dsd_loader: patient_person_9_20241213134221_decrypted.json logs inserted into file_ingestion_log]
[2024-12-19 21:33:53,061: INFO: dsd_loader: successfully updated sync_file records]
[2024-12-19 21:33:53,061: INFO: dsd_loader: patient_person_9_20241213134221_decrypted.json logs updated into sync_file]
[2024-12-19 21:33:53,061: INFO: dsd_loader: patient_person_9_20241213134221_decrypted.json attempting to load]
[2024-12-19 21:33:55,717: INFO: dsd_loader: Number of records loaded: 1998]
[2024-12-19 21:33:55,717: INFO: dsd_loader: C:\Users\5300\Documents\Palladium\lamisplus_file_server\server\temp\cYdxH1tF7Di\patient_person_9_20241213134221_decrypted.json successfully ingested into stg_patient_person table]
[2024-12-19 21:33:55,778: INFO: dsd_loader: file ingestion_log successfully updated]
[2024-12-19 21:33:55,826: INFO: dsd_loader: Sync File log updated for 7edb0a12-d1f3-4d05-84cd-233a4481b9d2 successfully]
[2024-12-19 21:33:55,842: INFO: dsd_loader: -------------------------------------------]
[2024-12-19 21:33:55,984: ERROR: dsd_loader: relation "central_partner_mapping" does not exist
LINE 1: UPDATE central_partner_mapping 
               ^
]
Traceback (most recent call last):
  File "C:\Users\5300\Documents\Palladium\lamisplus_sync__ingestion\file_ingestion_process\dsd_loader.py", line 270, in _update_centralpartnermapper
    cur.execute(update_query, (p_count_per_datemid, self.facility_id,))
psycopg2.errors.UndefinedTable: relation "central_partner_mapping" does not exist
LINE 1: UPDATE central_partner_mapping 
               ^

[2024-12-19 21:33:55,989: ERROR: dsd_loader: relation "central_partner_mapping" does not exist
LINE 1: UPDATE central_partner_mapping 
               ^
]
Traceback (most recent call last):
  File "C:\Users\5300\Documents\Palladium\lamisplus_sync__ingestion\file_ingestion_process\dsd_loader.py", line 318, in _retrieve_localdir_from_syncfile
    self._process_file_by_name(local_dir)
  File "C:\Users\5300\Documents\Palladium\lamisplus_sync__ingestion\file_ingestion_process\dsd_loader.py", line 479, in _process_file_by_name
    self._update_centralpartnermapper()
  File "C:\Users\5300\Documents\Palladium\lamisplus_sync__ingestion\file_ingestion_process\dsd_loader.py", line 277, in _update_centralpartnermapper
    raise e
  File "C:\Users\5300\Documents\Palladium\lamisplus_sync__ingestion\file_ingestion_process\dsd_loader.py", line 270, in _update_centralpartnermapper
    cur.execute(update_query, (p_count_per_datemid, self.facility_id,))
psycopg2.errors.UndefinedTable: relation "central_partner_mapping" does not exist
LINE 1: UPDATE central_partner_mapping 
               ^

[2024-12-19 21:33:55,989: ERROR: dsd_ingestion_process: Job run was unsuccessfully]
Traceback (most recent call last):
  File "C:\Users\5300\Documents\Palladium\lamisplus_sync__ingestion\file_ingestion_process\dsd_ingestion_process.py", line 72, in main
    loader._retrieve_localdir_from_syncfile()
  File "C:\Users\5300\Documents\Palladium\lamisplus_sync__ingestion\file_ingestion_process\dsd_loader.py", line 328, in _retrieve_localdir_from_syncfile
    raise e
  File "C:\Users\5300\Documents\Palladium\lamisplus_sync__ingestion\file_ingestion_process\dsd_loader.py", line 318, in _retrieve_localdir_from_syncfile
    self._process_file_by_name(local_dir)
  File "C:\Users\5300\Documents\Palladium\lamisplus_sync__ingestion\file_ingestion_process\dsd_loader.py", line 479, in _process_file_by_name
    self._update_centralpartnermapper()
  File "C:\Users\5300\Documents\Palladium\lamisplus_sync__ingestion\file_ingestion_process\dsd_loader.py", line 277, in _update_centralpartnermapper
    raise e
  File "C:\Users\5300\Documents\Palladium\lamisplus_sync__ingestion\file_ingestion_process\dsd_loader.py", line 270, in _update_centralpartnermapper
    cur.execute(update_query, (p_count_per_datemid, self.facility_id,))
psycopg2.errors.UndefinedTable: relation "central_partner_mapping" does not exist
LINE 1: UPDATE central_partner_mapping 
               ^

[2024-12-19 21:49:35,422: INFO: dsd_ingestion_process: Log ID: IPID_20241219_21_49]
[2024-12-19 21:49:35,424: INFO: dsd_ingestion_process: Job Started]
[2024-12-19 21:49:35,504: INFO: dsd_loader: -----------------------------------------------------------------------------]
[2024-12-19 21:49:35,504: INFO: dsd_loader: The file 'C:\Users\5300\Documents\Palladium\lamisplus_file_server\server\temp\cYdxH1tF7Di\patient_person_9_20241213134221_decrypted.json' exists.]
[2024-12-19 21:49:35,504: INFO: dsd_loader: Processing file]
[2024-12-19 21:49:35,617: INFO: dsd_loader: patient_person_9_20241213134221_decrypted.json yet to be loaded]
[2024-12-19 21:49:35,669: INFO: dsd_loader: (successfully inserted records into file_ingestion_log]
[2024-12-19 21:49:35,669: INFO: dsd_loader: patient_person_9_20241213134221_decrypted.json logs inserted into file_ingestion_log]
[2024-12-19 21:49:35,724: INFO: dsd_loader: successfully updated sync_file records]
[2024-12-19 21:49:35,727: INFO: dsd_loader: patient_person_9_20241213134221_decrypted.json logs updated into sync_file]
[2024-12-19 21:49:35,727: INFO: dsd_loader: patient_person_9_20241213134221_decrypted.json attempting to load]
[2024-12-19 21:49:38,190: INFO: dsd_loader: Number of records loaded: 1998]
[2024-12-19 21:49:38,207: INFO: dsd_loader: C:\Users\5300\Documents\Palladium\lamisplus_file_server\server\temp\cYdxH1tF7Di\patient_person_9_20241213134221_decrypted.json successfully ingested into stg_patient_person table]
[2024-12-19 21:49:38,265: INFO: dsd_loader: file ingestion_log successfully updated]
[2024-12-19 21:49:38,326: INFO: dsd_loader: Sync File log updated for 7edb0a12-d1f3-4d05-84cd-233a4481b9d2 successfully]
[2024-12-19 21:49:38,334: INFO: dsd_loader: -------------------------------------------]
[2024-12-19 21:49:38,456: INFO: dsd_loader: Central Partner Mapping updated for cYdxH1tF7Di successfully]
[2024-12-19 21:49:38,456: INFO: dsd_loader: json files successfully processed]
[2024-12-19 21:49:38,462: INFO: dsd_ingestion_process: Job was run Successfully]
[2024-12-19 23:25:33,417: INFO: dsd_ingestion_process: Log ID: IPID_20241219_23_25]
[2024-12-19 23:25:33,427: INFO: dsd_ingestion_process: Job Started]
[2024-12-19 23:25:33,626: INFO: dsd_loader: -----------------------------------------------------------------------------]
[2024-12-19 23:25:33,626: INFO: dsd_loader: The file 'C:\Users\5300\Documents\Palladium\lamisplus_file_server\server\temp\cYdxH1tF7Di\patient_person_8_20241213134221_decrypted.json' exists.]
[2024-12-19 23:25:33,626: INFO: dsd_loader: Processing file]
[2024-12-19 23:25:33,752: INFO: dsd_loader: patient_person_8_20241213134221_decrypted.json yet to be loaded]
[2024-12-19 23:25:33,938: INFO: dsd_loader: (successfully inserted records into file_ingestion_log]
[2024-12-19 23:25:33,938: INFO: dsd_loader: patient_person_8_20241213134221_decrypted.json logs inserted into file_ingestion_log]
[2024-12-19 23:25:33,989: INFO: dsd_loader: successfully updated sync_file records]
[2024-12-19 23:25:33,989: INFO: dsd_loader: patient_person_8_20241213134221_decrypted.json logs updated into sync_file]
[2024-12-19 23:25:33,989: INFO: dsd_loader: patient_person_8_20241213134221_decrypted.json attempting to load]
[2024-12-19 23:25:36,778: INFO: dsd_loader: Number of records loaded: 3000]
[2024-12-19 23:25:36,778: INFO: dsd_loader: C:\Users\5300\Documents\Palladium\lamisplus_file_server\server\temp\cYdxH1tF7Di\patient_person_8_20241213134221_decrypted.json successfully ingested into stg_patient_person table]
[2024-12-19 23:25:36,835: INFO: dsd_loader: file ingestion_log successfully updated]
[2024-12-19 23:25:36,905: INFO: dsd_loader: Sync File log updated for 665054b6-0ca6-486e-88a9-8a1aa28ce691 successfully]
[2024-12-19 23:25:36,908: INFO: dsd_loader: -------------------------------------------]
[2024-12-19 23:25:37,057: INFO: dsd_loader: Central Partner Mapping updated for cYdxH1tF7Di successfully]
[2024-12-19 23:25:37,057: INFO: dsd_loader: -----------------------------------------------------------------------------]
[2024-12-19 23:25:37,062: INFO: dsd_loader: The file 'C:\Users\5300\Documents\Palladium\lamisplus_file_server\server\temp\cYdxH1tF7Di\patient_person_7_20241213134221_decrypted.json' exists.]
[2024-12-19 23:25:37,062: INFO: dsd_loader: Processing file]
[2024-12-19 23:25:37,165: INFO: dsd_loader: patient_person_7_20241213134221_decrypted.json yet to be loaded]
[2024-12-19 23:25:37,215: INFO: dsd_loader: (successfully inserted records into file_ingestion_log]
[2024-12-19 23:25:37,215: INFO: dsd_loader: patient_person_7_20241213134221_decrypted.json logs inserted into file_ingestion_log]
[2024-12-19 23:25:37,267: INFO: dsd_loader: successfully updated sync_file records]
[2024-12-19 23:25:37,267: INFO: dsd_loader: patient_person_7_20241213134221_decrypted.json logs updated into sync_file]
[2024-12-19 23:25:37,267: INFO: dsd_loader: patient_person_7_20241213134221_decrypted.json attempting to load]
[2024-12-19 23:25:39,946: INFO: dsd_loader: Number of records loaded: 3000]
[2024-12-19 23:25:39,950: INFO: dsd_loader: C:\Users\5300\Documents\Palladium\lamisplus_file_server\server\temp\cYdxH1tF7Di\patient_person_7_20241213134221_decrypted.json successfully ingested into stg_patient_person table]
[2024-12-19 23:25:40,010: INFO: dsd_loader: file ingestion_log successfully updated]
[2024-12-19 23:25:40,071: INFO: dsd_loader: Sync File log updated for 5301486f-dfbf-4ca9-b74a-885d867d1eca successfully]
[2024-12-19 23:25:40,077: INFO: dsd_loader: -------------------------------------------]
[2024-12-19 23:25:40,247: INFO: dsd_loader: Central Partner Mapping updated for cYdxH1tF7Di successfully]
[2024-12-19 23:25:40,247: INFO: dsd_loader: -----------------------------------------------------------------------------]
[2024-12-19 23:25:40,247: INFO: dsd_loader: The file 'C:\Users\5300\Documents\Palladium\lamisplus_file_server\server\temp\cYdxH1tF7Di\patient_person_6_20241213134221_decrypted.json' exists.]
[2024-12-19 23:25:40,247: INFO: dsd_loader: Processing file]
[2024-12-19 23:25:40,360: INFO: dsd_loader: patient_person_6_20241213134221_decrypted.json yet to be loaded]
[2024-12-19 23:25:40,410: INFO: dsd_loader: (successfully inserted records into file_ingestion_log]
[2024-12-19 23:25:40,410: INFO: dsd_loader: patient_person_6_20241213134221_decrypted.json logs inserted into file_ingestion_log]
[2024-12-19 23:25:40,461: INFO: dsd_loader: successfully updated sync_file records]
[2024-12-19 23:25:40,461: INFO: dsd_loader: patient_person_6_20241213134221_decrypted.json logs updated into sync_file]
[2024-12-19 23:25:40,461: INFO: dsd_loader: patient_person_6_20241213134221_decrypted.json attempting to load]
[2024-12-19 23:25:43,145: INFO: dsd_loader: Number of records loaded: 3000]
[2024-12-19 23:25:43,154: INFO: dsd_loader: C:\Users\5300\Documents\Palladium\lamisplus_file_server\server\temp\cYdxH1tF7Di\patient_person_6_20241213134221_decrypted.json successfully ingested into stg_patient_person table]
[2024-12-19 23:25:43,200: INFO: dsd_loader: file ingestion_log successfully updated]
[2024-12-19 23:25:43,257: INFO: dsd_loader: Sync File log updated for 367b2f96-1d6a-4b5a-8b05-a021a9c8b445 successfully]
[2024-12-19 23:25:43,257: INFO: dsd_loader: -------------------------------------------]
[2024-12-19 23:25:43,563: INFO: dsd_loader: Central Partner Mapping updated for cYdxH1tF7Di successfully]
[2024-12-19 23:25:43,563: INFO: dsd_loader: -----------------------------------------------------------------------------]
[2024-12-19 23:25:43,563: INFO: dsd_loader: The file 'C:\Users\5300\Documents\Palladium\lamisplus_file_server\server\temp\cYdxH1tF7Di\patient_person_5_20241213134221_decrypted.json' exists.]
[2024-12-19 23:25:43,563: INFO: dsd_loader: Processing file]
[2024-12-19 23:25:43,660: INFO: dsd_loader: patient_person_5_20241213134221_decrypted.json yet to be loaded]
[2024-12-19 23:25:43,708: INFO: dsd_loader: (successfully inserted records into file_ingestion_log]
[2024-12-19 23:25:43,708: INFO: dsd_loader: patient_person_5_20241213134221_decrypted.json logs inserted into file_ingestion_log]
[2024-12-19 23:25:43,765: INFO: dsd_loader: successfully updated sync_file records]
[2024-12-19 23:25:43,766: INFO: dsd_loader: patient_person_5_20241213134221_decrypted.json logs updated into sync_file]
[2024-12-19 23:25:43,766: INFO: dsd_loader: patient_person_5_20241213134221_decrypted.json attempting to load]
[2024-12-19 23:25:47,057: INFO: dsd_loader: Number of records loaded: 3000]
[2024-12-19 23:25:47,057: INFO: dsd_loader: C:\Users\5300\Documents\Palladium\lamisplus_file_server\server\temp\cYdxH1tF7Di\patient_person_5_20241213134221_decrypted.json successfully ingested into stg_patient_person table]
[2024-12-19 23:25:47,114: INFO: dsd_loader: file ingestion_log successfully updated]
[2024-12-19 23:25:47,153: INFO: dsd_loader: Sync File log updated for ed9202d9-9330-4ab1-8a29-e9e79896f5fc successfully]
[2024-12-19 23:25:47,169: INFO: dsd_loader: -------------------------------------------]
[2024-12-19 23:25:47,359: INFO: dsd_loader: Central Partner Mapping updated for cYdxH1tF7Di successfully]
[2024-12-19 23:25:47,359: INFO: dsd_loader: -----------------------------------------------------------------------------]
[2024-12-19 23:25:47,359: INFO: dsd_loader: The file 'C:\Users\5300\Documents\Palladium\lamisplus_file_server\server\temp\cYdxH1tF7Di\patient_person_4_20241213134221_decrypted.json' exists.]
[2024-12-19 23:25:47,359: INFO: dsd_loader: Processing file]
[2024-12-19 23:25:47,454: INFO: dsd_loader: patient_person_4_20241213134221_decrypted.json yet to be loaded]
[2024-12-19 23:25:47,502: INFO: dsd_loader: (successfully inserted records into file_ingestion_log]
[2024-12-19 23:25:47,502: INFO: dsd_loader: patient_person_4_20241213134221_decrypted.json logs inserted into file_ingestion_log]
[2024-12-19 23:25:47,551: INFO: dsd_loader: successfully updated sync_file records]
[2024-12-19 23:25:47,551: INFO: dsd_loader: patient_person_4_20241213134221_decrypted.json logs updated into sync_file]
[2024-12-19 23:25:47,551: INFO: dsd_loader: patient_person_4_20241213134221_decrypted.json attempting to load]
[2024-12-19 23:25:50,767: INFO: dsd_loader: Number of records loaded: 3000]
[2024-12-19 23:25:50,773: INFO: dsd_loader: C:\Users\5300\Documents\Palladium\lamisplus_file_server\server\temp\cYdxH1tF7Di\patient_person_4_20241213134221_decrypted.json successfully ingested into stg_patient_person table]
[2024-12-19 23:25:50,830: INFO: dsd_loader: file ingestion_log successfully updated]
[2024-12-19 23:25:50,887: INFO: dsd_loader: Sync File log updated for 8f1f03d9-9edc-42c9-86e2-cf04332954c6 successfully]
[2024-12-19 23:25:50,892: INFO: dsd_loader: -------------------------------------------]
[2024-12-19 23:25:51,118: INFO: dsd_loader: Central Partner Mapping updated for cYdxH1tF7Di successfully]
[2024-12-19 23:25:51,119: INFO: dsd_loader: -----------------------------------------------------------------------------]
[2024-12-19 23:25:51,120: INFO: dsd_loader: The file 'C:\Users\5300\Documents\Palladium\lamisplus_file_server\server\temp\cYdxH1tF7Di\patient_person_3_20241213134221_decrypted.json' exists.]
[2024-12-19 23:25:51,121: INFO: dsd_loader: Processing file]
[2024-12-19 23:25:51,234: INFO: dsd_loader: patient_person_3_20241213134221_decrypted.json yet to be loaded]
[2024-12-19 23:25:51,296: INFO: dsd_loader: (successfully inserted records into file_ingestion_log]
[2024-12-19 23:25:51,296: INFO: dsd_loader: patient_person_3_20241213134221_decrypted.json logs inserted into file_ingestion_log]
[2024-12-19 23:25:51,355: INFO: dsd_loader: successfully updated sync_file records]
[2024-12-19 23:25:51,355: INFO: dsd_loader: patient_person_3_20241213134221_decrypted.json logs updated into sync_file]
[2024-12-19 23:25:51,355: INFO: dsd_loader: patient_person_3_20241213134221_decrypted.json attempting to load]
[2024-12-19 23:25:54,937: INFO: dsd_loader: Number of records loaded: 3000]
[2024-12-19 23:25:54,940: INFO: dsd_loader: C:\Users\5300\Documents\Palladium\lamisplus_file_server\server\temp\cYdxH1tF7Di\patient_person_3_20241213134221_decrypted.json successfully ingested into stg_patient_person table]
[2024-12-19 23:25:54,983: INFO: dsd_loader: file ingestion_log successfully updated]
[2024-12-19 23:25:55,046: INFO: dsd_loader: Sync File log updated for b2cffb12-d2e3-40bb-a2d2-f53d917cb505 successfully]
[2024-12-19 23:25:55,053: INFO: dsd_loader: -------------------------------------------]
[2024-12-19 23:25:55,377: INFO: dsd_loader: Central Partner Mapping updated for cYdxH1tF7Di successfully]
[2024-12-19 23:25:55,378: INFO: dsd_loader: -----------------------------------------------------------------------------]
[2024-12-19 23:25:55,379: INFO: dsd_loader: The file 'C:\Users\5300\Documents\Palladium\lamisplus_file_server\server\temp\cYdxH1tF7Di\patient_person_2_20241213134221_decrypted.json' exists.]
[2024-12-19 23:25:55,379: INFO: dsd_loader: Processing file]
[2024-12-19 23:25:55,505: INFO: dsd_loader: patient_person_2_20241213134221_decrypted.json yet to be loaded]
[2024-12-19 23:25:55,566: INFO: dsd_loader: (successfully inserted records into file_ingestion_log]
[2024-12-19 23:25:55,566: INFO: dsd_loader: patient_person_2_20241213134221_decrypted.json logs inserted into file_ingestion_log]
[2024-12-19 23:25:55,630: INFO: dsd_loader: successfully updated sync_file records]
[2024-12-19 23:25:55,630: INFO: dsd_loader: patient_person_2_20241213134221_decrypted.json logs updated into sync_file]
[2024-12-19 23:25:55,631: INFO: dsd_loader: patient_person_2_20241213134221_decrypted.json attempting to load]
[2024-12-19 23:25:59,274: INFO: dsd_loader: Number of records loaded: 3000]
[2024-12-19 23:25:59,286: INFO: dsd_loader: C:\Users\5300\Documents\Palladium\lamisplus_file_server\server\temp\cYdxH1tF7Di\patient_person_2_20241213134221_decrypted.json successfully ingested into stg_patient_person table]
[2024-12-19 23:25:59,321: INFO: dsd_loader: file ingestion_log successfully updated]
[2024-12-19 23:25:59,384: INFO: dsd_loader: Sync File log updated for 3423b91d-60e2-4421-b3d6-6ae535d1d458 successfully]
[2024-12-19 23:25:59,393: INFO: dsd_loader: -------------------------------------------]
[2024-12-19 23:25:59,646: INFO: dsd_loader: Central Partner Mapping updated for cYdxH1tF7Di successfully]
[2024-12-19 23:25:59,646: INFO: dsd_loader: -----------------------------------------------------------------------------]
[2024-12-19 23:25:59,646: INFO: dsd_loader: The file 'C:\Users\5300\Documents\Palladium\lamisplus_file_server\server\temp\cYdxH1tF7Di\patient_person_1_20241213134221_decrypted.json' exists.]
[2024-12-19 23:25:59,646: INFO: dsd_loader: Processing file]
[2024-12-19 23:25:59,742: INFO: dsd_loader: patient_person_1_20241213134221_decrypted.json yet to be loaded]
[2024-12-19 23:25:59,805: INFO: dsd_loader: (successfully inserted records into file_ingestion_log]
[2024-12-19 23:25:59,805: INFO: dsd_loader: patient_person_1_20241213134221_decrypted.json logs inserted into file_ingestion_log]
[2024-12-19 23:25:59,852: INFO: dsd_loader: successfully updated sync_file records]
[2024-12-19 23:25:59,852: INFO: dsd_loader: patient_person_1_20241213134221_decrypted.json logs updated into sync_file]
[2024-12-19 23:25:59,852: INFO: dsd_loader: patient_person_1_20241213134221_decrypted.json attempting to load]
[2024-12-19 23:26:03,127: INFO: dsd_loader: Number of records loaded: 3000]
[2024-12-19 23:26:03,133: INFO: dsd_loader: C:\Users\5300\Documents\Palladium\lamisplus_file_server\server\temp\cYdxH1tF7Di\patient_person_1_20241213134221_decrypted.json successfully ingested into stg_patient_person table]
[2024-12-19 23:26:03,182: INFO: dsd_loader: file ingestion_log successfully updated]
[2024-12-19 23:26:03,242: INFO: dsd_loader: Sync File log updated for 160bec75-a3f4-4b32-b044-0b759482d1c1 successfully]
[2024-12-19 23:26:03,247: INFO: dsd_loader: -------------------------------------------]
[2024-12-19 23:26:03,646: INFO: dsd_loader: Central Partner Mapping updated for cYdxH1tF7Di successfully]
[2024-12-19 23:26:03,649: INFO: dsd_loader: -----------------------------------------------------------------------------]
[2024-12-19 23:26:03,649: INFO: dsd_loader: The file 'C:\Users\5300\Documents\Palladium\lamisplus_file_server\server\temp\cYdxH1tF7Di\patient_person_0_20241213134221_decrypted.json' exists.]
[2024-12-19 23:26:03,649: INFO: dsd_loader: Processing file]
[2024-12-19 23:26:03,741: INFO: dsd_loader: patient_person_0_20241213134221_decrypted.json yet to be loaded]
[2024-12-19 23:26:03,792: INFO: dsd_loader: (successfully inserted records into file_ingestion_log]
[2024-12-19 23:26:03,792: INFO: dsd_loader: patient_person_0_20241213134221_decrypted.json logs inserted into file_ingestion_log]
[2024-12-19 23:26:03,853: INFO: dsd_loader: successfully updated sync_file records]
[2024-12-19 23:26:03,854: INFO: dsd_loader: patient_person_0_20241213134221_decrypted.json logs updated into sync_file]
[2024-12-19 23:26:03,854: INFO: dsd_loader: patient_person_0_20241213134221_decrypted.json attempting to load]
[2024-12-19 23:26:07,326: INFO: dsd_loader: Number of records loaded: 3000]
[2024-12-19 23:26:07,332: INFO: dsd_loader: C:\Users\5300\Documents\Palladium\lamisplus_file_server\server\temp\cYdxH1tF7Di\patient_person_0_20241213134221_decrypted.json successfully ingested into stg_patient_person table]
[2024-12-19 23:26:07,526: INFO: dsd_loader: file ingestion_log successfully updated]
[2024-12-19 23:26:07,585: INFO: dsd_loader: Sync File log updated for b10c2f21-72f2-4b33-8b33-1c4324f73b53 successfully]
[2024-12-19 23:26:07,588: INFO: dsd_loader: -------------------------------------------]
[2024-12-19 23:26:07,885: INFO: dsd_loader: Central Partner Mapping updated for cYdxH1tF7Di successfully]
[2024-12-19 23:26:07,885: INFO: dsd_loader: -----------------------------------------------------------------------------]
[2024-12-19 23:26:07,885: INFO: dsd_loader: The file 'C:\Users\5300\Documents\Palladium\lamisplus_file_server\server\temp\cYdxH1tF7Di\patient_person_0_20241216191128_decrypted.json' exists.]
[2024-12-19 23:26:07,886: INFO: dsd_loader: Processing file]
[2024-12-19 23:26:07,990: INFO: dsd_loader: patient_person_0_20241216191128_decrypted.json yet to be loaded]
[2024-12-19 23:26:08,042: INFO: dsd_loader: (successfully inserted records into file_ingestion_log]
[2024-12-19 23:26:08,042: INFO: dsd_loader: patient_person_0_20241216191128_decrypted.json logs inserted into file_ingestion_log]
[2024-12-19 23:26:08,098: INFO: dsd_loader: successfully updated sync_file records]
[2024-12-19 23:26:08,098: INFO: dsd_loader: patient_person_0_20241216191128_decrypted.json logs updated into sync_file]
[2024-12-19 23:26:08,098: INFO: dsd_loader: patient_person_0_20241216191128_decrypted.json attempting to load]
[2024-12-19 23:26:11,775: INFO: dsd_loader: Number of records loaded: 3000]
[2024-12-19 23:26:11,779: INFO: dsd_loader: C:\Users\5300\Documents\Palladium\lamisplus_file_server\server\temp\cYdxH1tF7Di\patient_person_0_20241216191128_decrypted.json successfully ingested into stg_patient_person table]
[2024-12-19 23:26:11,827: INFO: dsd_loader: file ingestion_log successfully updated]
[2024-12-19 23:26:11,884: INFO: dsd_loader: Sync File log updated for 453702e2-a04b-4c4c-adfb-a5b37d6d7085 successfully]
[2024-12-19 23:26:11,892: INFO: dsd_loader: -------------------------------------------]
[2024-12-19 23:26:12,193: INFO: dsd_loader: Central Partner Mapping updated for cYdxH1tF7Di successfully]
[2024-12-19 23:26:12,193: INFO: dsd_loader: -----------------------------------------------------------------------------]
[2024-12-19 23:26:12,193: INFO: dsd_loader: The file 'C:\Users\5300\Documents\Palladium\lamisplus_file_server\server\temp\cYdxH1tF7Di\patient_person_1_20241216191128_decrypted.json' exists.]
[2024-12-19 23:26:12,193: INFO: dsd_loader: Processing file]
[2024-12-19 23:26:12,294: INFO: dsd_loader: patient_person_1_20241216191128_decrypted.json yet to be loaded]
[2024-12-19 23:26:12,346: INFO: dsd_loader: (successfully inserted records into file_ingestion_log]
[2024-12-19 23:26:12,346: INFO: dsd_loader: patient_person_1_20241216191128_decrypted.json logs inserted into file_ingestion_log]
[2024-12-19 23:26:12,401: INFO: dsd_loader: successfully updated sync_file records]
[2024-12-19 23:26:12,402: INFO: dsd_loader: patient_person_1_20241216191128_decrypted.json logs updated into sync_file]
[2024-12-19 23:26:12,402: INFO: dsd_loader: patient_person_1_20241216191128_decrypted.json attempting to load]
[2024-12-19 23:26:15,159: INFO: dsd_loader: Number of records loaded: 3000]
[2024-12-19 23:26:15,167: INFO: dsd_loader: C:\Users\5300\Documents\Palladium\lamisplus_file_server\server\temp\cYdxH1tF7Di\patient_person_1_20241216191128_decrypted.json successfully ingested into stg_patient_person table]
[2024-12-19 23:26:15,216: INFO: dsd_loader: file ingestion_log successfully updated]
[2024-12-19 23:26:15,274: INFO: dsd_loader: Sync File log updated for 96f7bcfb-e057-47f9-be1d-cdd9d8539b24 successfully]
[2024-12-19 23:26:15,280: INFO: dsd_loader: -------------------------------------------]
[2024-12-19 23:26:15,596: INFO: dsd_loader: Central Partner Mapping updated for cYdxH1tF7Di successfully]
[2024-12-19 23:26:15,596: INFO: dsd_loader: -----------------------------------------------------------------------------]
[2024-12-19 23:26:15,596: INFO: dsd_loader: The file 'C:\Users\5300\Documents\Palladium\lamisplus_file_server\server\temp\cYdxH1tF7Di\patient_person_2_20241216191128_decrypted.json' exists.]
[2024-12-19 23:26:15,596: INFO: dsd_loader: Processing file]
[2024-12-19 23:26:15,705: INFO: dsd_loader: patient_person_2_20241216191128_decrypted.json yet to be loaded]
[2024-12-19 23:26:15,761: INFO: dsd_loader: (successfully inserted records into file_ingestion_log]
[2024-12-19 23:26:15,761: INFO: dsd_loader: patient_person_2_20241216191128_decrypted.json logs inserted into file_ingestion_log]
[2024-12-19 23:26:15,812: INFO: dsd_loader: successfully updated sync_file records]
[2024-12-19 23:26:15,812: INFO: dsd_loader: patient_person_2_20241216191128_decrypted.json logs updated into sync_file]
[2024-12-19 23:26:15,812: INFO: dsd_loader: patient_person_2_20241216191128_decrypted.json attempting to load]
[2024-12-19 23:26:18,802: INFO: dsd_loader: Number of records loaded: 3000]
[2024-12-19 23:26:18,806: INFO: dsd_loader: C:\Users\5300\Documents\Palladium\lamisplus_file_server\server\temp\cYdxH1tF7Di\patient_person_2_20241216191128_decrypted.json successfully ingested into stg_patient_person table]
[2024-12-19 23:26:18,855: INFO: dsd_loader: file ingestion_log successfully updated]
[2024-12-19 23:26:18,916: INFO: dsd_loader: Sync File log updated for 5cd17b59-51da-4b18-a895-0aeeff83f50b successfully]
[2024-12-19 23:26:18,921: INFO: dsd_loader: -------------------------------------------]
[2024-12-19 23:26:19,269: INFO: dsd_loader: Central Partner Mapping updated for cYdxH1tF7Di successfully]
[2024-12-19 23:26:19,269: INFO: dsd_loader: -----------------------------------------------------------------------------]
[2024-12-19 23:26:19,270: INFO: dsd_loader: The file 'C:\Users\5300\Documents\Palladium\lamisplus_file_server\server\temp\cYdxH1tF7Di\patient_person_3_20241216191128_decrypted.json' exists.]
[2024-12-19 23:26:19,270: INFO: dsd_loader: Processing file]
[2024-12-19 23:26:19,377: INFO: dsd_loader: patient_person_3_20241216191128_decrypted.json yet to be loaded]
[2024-12-19 23:26:19,436: INFO: dsd_loader: (successfully inserted records into file_ingestion_log]
[2024-12-19 23:26:19,436: INFO: dsd_loader: patient_person_3_20241216191128_decrypted.json logs inserted into file_ingestion_log]
[2024-12-19 23:26:19,506: INFO: dsd_loader: successfully updated sync_file records]
[2024-12-19 23:26:19,506: INFO: dsd_loader: patient_person_3_20241216191128_decrypted.json logs updated into sync_file]
[2024-12-19 23:26:19,506: INFO: dsd_loader: patient_person_3_20241216191128_decrypted.json attempting to load]
[2024-12-19 23:26:22,396: INFO: dsd_loader: Number of records loaded: 3000]
[2024-12-19 23:26:22,398: INFO: dsd_loader: C:\Users\5300\Documents\Palladium\lamisplus_file_server\server\temp\cYdxH1tF7Di\patient_person_3_20241216191128_decrypted.json successfully ingested into stg_patient_person table]
[2024-12-19 23:26:22,450: INFO: dsd_loader: file ingestion_log successfully updated]
[2024-12-19 23:26:22,511: INFO: dsd_loader: Sync File log updated for 1a73230e-e1e2-4e65-a1a6-b21d0f139991 successfully]
[2024-12-19 23:26:22,511: INFO: dsd_loader: -------------------------------------------]
[2024-12-19 23:26:23,116: INFO: dsd_loader: Central Partner Mapping updated for cYdxH1tF7Di successfully]
[2024-12-19 23:26:23,118: INFO: dsd_loader: -----------------------------------------------------------------------------]
[2024-12-19 23:26:23,122: INFO: dsd_loader: The file 'C:\Users\5300\Documents\Palladium\lamisplus_file_server\server\temp\cYdxH1tF7Di\patient_person_4_20241216191128_decrypted.json' exists.]
[2024-12-19 23:26:23,125: INFO: dsd_loader: Processing file]
[2024-12-19 23:26:23,363: INFO: dsd_loader: patient_person_4_20241216191128_decrypted.json yet to be loaded]
[2024-12-19 23:26:23,438: INFO: dsd_loader: (successfully inserted records into file_ingestion_log]
[2024-12-19 23:26:23,438: INFO: dsd_loader: patient_person_4_20241216191128_decrypted.json logs inserted into file_ingestion_log]
[2024-12-19 23:26:23,520: INFO: dsd_loader: successfully updated sync_file records]
[2024-12-19 23:26:23,525: INFO: dsd_loader: patient_person_4_20241216191128_decrypted.json logs updated into sync_file]
[2024-12-19 23:26:23,525: INFO: dsd_loader: patient_person_4_20241216191128_decrypted.json attempting to load]
[2024-12-19 23:26:26,987: INFO: dsd_loader: Number of records loaded: 3000]
[2024-12-19 23:26:26,994: INFO: dsd_loader: C:\Users\5300\Documents\Palladium\lamisplus_file_server\server\temp\cYdxH1tF7Di\patient_person_4_20241216191128_decrypted.json successfully ingested into stg_patient_person table]
[2024-12-19 23:26:27,055: INFO: dsd_loader: file ingestion_log successfully updated]
[2024-12-19 23:26:27,122: INFO: dsd_loader: Sync File log updated for 3a991266-ddba-412e-afc9-48cb284f4130 successfully]
[2024-12-19 23:26:27,129: INFO: dsd_loader: -------------------------------------------]
[2024-12-19 23:26:27,498: INFO: dsd_loader: Central Partner Mapping updated for cYdxH1tF7Di successfully]
[2024-12-19 23:26:27,498: INFO: dsd_loader: -----------------------------------------------------------------------------]
[2024-12-19 23:26:27,498: INFO: dsd_loader: The file 'C:\Users\5300\Documents\Palladium\lamisplus_file_server\server\temp\cYdxH1tF7Di\patient_person_5_20241216191128_decrypted.json' exists.]
[2024-12-19 23:26:27,498: INFO: dsd_loader: Processing file]
[2024-12-19 23:26:27,614: INFO: dsd_loader: patient_person_5_20241216191128_decrypted.json yet to be loaded]
[2024-12-19 23:26:27,668: INFO: dsd_loader: (successfully inserted records into file_ingestion_log]
[2024-12-19 23:26:27,668: INFO: dsd_loader: patient_person_5_20241216191128_decrypted.json logs inserted into file_ingestion_log]
[2024-12-19 23:26:27,731: INFO: dsd_loader: successfully updated sync_file records]
[2024-12-19 23:26:27,733: INFO: dsd_loader: patient_person_5_20241216191128_decrypted.json logs updated into sync_file]
[2024-12-19 23:26:27,734: INFO: dsd_loader: patient_person_5_20241216191128_decrypted.json attempting to load]
[2024-12-19 23:26:30,959: INFO: dsd_loader: Number of records loaded: 3000]
[2024-12-19 23:26:30,967: INFO: dsd_loader: C:\Users\5300\Documents\Palladium\lamisplus_file_server\server\temp\cYdxH1tF7Di\patient_person_5_20241216191128_decrypted.json successfully ingested into stg_patient_person table]
[2024-12-19 23:26:31,022: INFO: dsd_loader: file ingestion_log successfully updated]
[2024-12-19 23:26:31,084: INFO: dsd_loader: Sync File log updated for 99b814ec-818c-4a70-9e51-01f7f5e1b47f successfully]
[2024-12-19 23:26:31,086: INFO: dsd_loader: -------------------------------------------]
[2024-12-19 23:26:31,484: INFO: dsd_loader: Central Partner Mapping updated for cYdxH1tF7Di successfully]
[2024-12-19 23:26:31,484: INFO: dsd_loader: -----------------------------------------------------------------------------]
[2024-12-19 23:26:31,484: INFO: dsd_loader: The file 'C:\Users\5300\Documents\Palladium\lamisplus_file_server\server\temp\cYdxH1tF7Di\patient_person_6_20241216191128_decrypted.json' exists.]
[2024-12-19 23:26:31,484: INFO: dsd_loader: Processing file]
[2024-12-19 23:26:31,581: INFO: dsd_loader: patient_person_6_20241216191128_decrypted.json yet to be loaded]
[2024-12-19 23:26:31,639: INFO: dsd_loader: (successfully inserted records into file_ingestion_log]
[2024-12-19 23:26:31,643: INFO: dsd_loader: patient_person_6_20241216191128_decrypted.json logs inserted into file_ingestion_log]
[2024-12-19 23:26:31,693: INFO: dsd_loader: successfully updated sync_file records]
[2024-12-19 23:26:31,693: INFO: dsd_loader: patient_person_6_20241216191128_decrypted.json logs updated into sync_file]
[2024-12-19 23:26:31,693: INFO: dsd_loader: patient_person_6_20241216191128_decrypted.json attempting to load]
[2024-12-19 23:26:34,843: INFO: dsd_loader: Number of records loaded: 3000]
[2024-12-19 23:26:34,849: INFO: dsd_loader: C:\Users\5300\Documents\Palladium\lamisplus_file_server\server\temp\cYdxH1tF7Di\patient_person_6_20241216191128_decrypted.json successfully ingested into stg_patient_person table]
[2024-12-19 23:26:34,901: INFO: dsd_loader: file ingestion_log successfully updated]
[2024-12-19 23:26:34,950: INFO: dsd_loader: Sync File log updated for 16828d1d-0722-4074-8050-15cf099a2015 successfully]
[2024-12-19 23:26:34,965: INFO: dsd_loader: -------------------------------------------]
[2024-12-19 23:26:35,351: INFO: dsd_loader: Central Partner Mapping updated for cYdxH1tF7Di successfully]
[2024-12-19 23:26:35,355: INFO: dsd_loader: -----------------------------------------------------------------------------]
[2024-12-19 23:26:35,355: INFO: dsd_loader: The file 'C:\Users\5300\Documents\Palladium\lamisplus_file_server\server\temp\cYdxH1tF7Di\patient_person_7_20241216191128_decrypted.json' exists.]
[2024-12-19 23:26:35,355: INFO: dsd_loader: Processing file]
[2024-12-19 23:26:35,454: INFO: dsd_loader: patient_person_7_20241216191128_decrypted.json yet to be loaded]
[2024-12-19 23:26:35,615: INFO: dsd_loader: (successfully inserted records into file_ingestion_log]
[2024-12-19 23:26:35,615: INFO: dsd_loader: patient_person_7_20241216191128_decrypted.json logs inserted into file_ingestion_log]
[2024-12-19 23:26:35,677: INFO: dsd_loader: successfully updated sync_file records]
[2024-12-19 23:26:35,677: INFO: dsd_loader: patient_person_7_20241216191128_decrypted.json logs updated into sync_file]
[2024-12-19 23:26:35,677: INFO: dsd_loader: patient_person_7_20241216191128_decrypted.json attempting to load]
[2024-12-19 23:26:38,602: INFO: dsd_loader: Number of records loaded: 3000]
[2024-12-19 23:26:38,606: INFO: dsd_loader: C:\Users\5300\Documents\Palladium\lamisplus_file_server\server\temp\cYdxH1tF7Di\patient_person_7_20241216191128_decrypted.json successfully ingested into stg_patient_person table]
[2024-12-19 23:26:38,663: INFO: dsd_loader: file ingestion_log successfully updated]
[2024-12-19 23:26:38,710: INFO: dsd_loader: Sync File log updated for d07d6e6e-2417-458c-a2ed-c1132817a7bb successfully]
[2024-12-19 23:26:38,718: INFO: dsd_loader: -------------------------------------------]
[2024-12-19 23:26:39,134: INFO: dsd_loader: Central Partner Mapping updated for cYdxH1tF7Di successfully]
[2024-12-19 23:26:39,134: INFO: dsd_loader: -----------------------------------------------------------------------------]
[2024-12-19 23:26:39,134: INFO: dsd_loader: The file 'C:\Users\5300\Documents\Palladium\lamisplus_file_server\server\temp\cYdxH1tF7Di\patient_person_8_20241216191128_decrypted.json' exists.]
[2024-12-19 23:26:39,134: INFO: dsd_loader: Processing file]
[2024-12-19 23:26:39,249: INFO: dsd_loader: patient_person_8_20241216191128_decrypted.json yet to be loaded]
[2024-12-19 23:26:39,306: INFO: dsd_loader: (successfully inserted records into file_ingestion_log]
[2024-12-19 23:26:39,311: INFO: dsd_loader: patient_person_8_20241216191128_decrypted.json logs inserted into file_ingestion_log]
[2024-12-19 23:26:39,353: INFO: dsd_loader: successfully updated sync_file records]
[2024-12-19 23:26:39,353: INFO: dsd_loader: patient_person_8_20241216191128_decrypted.json logs updated into sync_file]
[2024-12-19 23:26:39,353: INFO: dsd_loader: patient_person_8_20241216191128_decrypted.json attempting to load]
[2024-12-19 23:26:42,514: INFO: dsd_loader: Number of records loaded: 3000]
[2024-12-19 23:26:42,521: INFO: dsd_loader: C:\Users\5300\Documents\Palladium\lamisplus_file_server\server\temp\cYdxH1tF7Di\patient_person_8_20241216191128_decrypted.json successfully ingested into stg_patient_person table]
[2024-12-19 23:26:42,585: INFO: dsd_loader: file ingestion_log successfully updated]
[2024-12-19 23:26:42,714: INFO: dsd_loader: Sync File log updated for 36fd100e-0c4e-418f-929e-15dd90d90152 successfully]
[2024-12-19 23:26:42,723: INFO: dsd_loader: -------------------------------------------]
[2024-12-19 23:26:43,345: INFO: dsd_loader: Central Partner Mapping updated for cYdxH1tF7Di successfully]
[2024-12-19 23:26:43,346: INFO: dsd_loader: -----------------------------------------------------------------------------]
[2024-12-19 23:26:43,346: INFO: dsd_loader: The file 'C:\Users\5300\Documents\Palladium\lamisplus_file_server\server\temp\cYdxH1tF7Di\patient_person_9_20241216191128_decrypted.json' exists.]
[2024-12-19 23:26:43,347: INFO: dsd_loader: Processing file]
[2024-12-19 23:26:43,496: INFO: dsd_loader: patient_person_9_20241216191128_decrypted.json yet to be loaded]
[2024-12-19 23:26:43,567: INFO: dsd_loader: (successfully inserted records into file_ingestion_log]
[2024-12-19 23:26:43,567: INFO: dsd_loader: patient_person_9_20241216191128_decrypted.json logs inserted into file_ingestion_log]
[2024-12-19 23:26:43,644: INFO: dsd_loader: successfully updated sync_file records]
[2024-12-19 23:26:43,644: INFO: dsd_loader: patient_person_9_20241216191128_decrypted.json logs updated into sync_file]
[2024-12-19 23:26:43,644: INFO: dsd_loader: patient_person_9_20241216191128_decrypted.json attempting to load]
[2024-12-19 23:26:47,301: INFO: dsd_loader: Number of records loaded: 2099]
[2024-12-19 23:26:47,309: INFO: dsd_loader: C:\Users\5300\Documents\Palladium\lamisplus_file_server\server\temp\cYdxH1tF7Di\patient_person_9_20241216191128_decrypted.json successfully ingested into stg_patient_person table]
[2024-12-19 23:26:47,435: INFO: dsd_loader: file ingestion_log successfully updated]
[2024-12-19 23:26:47,579: INFO: dsd_loader: Sync File log updated for 60fc2a76-ea46-4168-9935-7a611af3fdba successfully]
[2024-12-19 23:26:47,590: INFO: dsd_loader: -------------------------------------------]
[2024-12-19 23:26:48,193: INFO: dsd_loader: Central Partner Mapping updated for cYdxH1tF7Di successfully]
[2024-12-19 23:26:48,197: INFO: dsd_loader: json files successfully processed]
[2024-12-19 23:26:48,203: INFO: dsd_ingestion_process: Job was run Successfully]
