[2025-04-02 17:54:36,804: INFO: stg_records_deletion_process: DPID_20250402_17_54]
[2025-04-02 17:54:36,805: INFO: stg_records_deletion_process: Job Started]
[2025-04-02 17:54:36,805: INFO: stg_records_deletion_process: Deletion of records with Y processed status on stg_monitoring table started]
[2025-04-02 17:54:36,852: INFO: stg_records_deletion_process: Deletion of ods_migrated records from stg_base_organisation_unit table started]
[2025-04-02 17:54:36,857: INFO: stg_records_deletion_process: Deletion of ods_migrated records from stg_base_application_codeset table started]
[2025-04-02 17:54:36,859: INFO: stg_records_deletion_process: Deletion of ods_migrated records from stg_case_manager table started]
[2025-04-02 17:54:36,860: INFO: stg_records_deletion_process: Deletion of ods_migrated records from stg_hiv_art_clinical table started]
[2025-04-02 17:54:36,863: INFO: stg_records_deletion_process: Deletion of ods_migrated records from stg_dsd_devolvement table started]
[2025-04-02 17:54:36,866: INFO: stg_records_deletion_process: Deletion of ods_migrated records from stg_base_organisation_unit_identifier table started]
[2025-04-02 17:54:36,868: INFO: stg_records_deletion_process: Deletion of ods_migrated records from stg_biometric table started]
[2025-04-02 17:54:36,868: INFO: stg_records_deletion_process: Deletion of ods_migrated records from stg_case_manager_patients table started]
[2025-04-02 17:54:36,878: INFO: stg_records_deletion_process: Deletion of ods_migrated records from stg_hiv_art_pharmacy_regimens table started]
[2025-04-02 17:54:36,881: INFO: stg_records_deletion_process: Deletion of ods_migrated records from stg_hiv_art_pharmacy table started]
[2025-04-02 17:54:36,907: INFO: stg_records_deletion_process: Deletion of ods_migrated records from stg_base_organisation_unit_identifier table completed]
[2025-04-02 17:54:37,660: INFO: stg_records_deletion_process: Deletion of ods_migrated records from stg_base_application_codeset table completed]
[2025-04-02 17:54:37,668: INFO: stg_records_deletion_process: Deletion of ods_migrated records from stg_base_organisation_unit table completed]
[2025-04-02 17:54:37,691: INFO: stg_records_deletion_process: Deletion of ods_migrated records from stg_hiv_art_pharmacy_regimens table completed]
[2025-04-02 17:54:37,723: INFO: stg_records_deletion_process: Deletion of ods_migrated records from stg_case_manager table completed]
[2025-04-02 17:54:37,776: INFO: stg_records_deletion_process: Deletion of ods_migrated records from stg_case_manager_patients table completed]
[2025-04-02 17:54:37,825: INFO: stg_records_deletion_process: Deletion of ods_migrated records from stg_biometric table completed]
[2025-04-02 17:54:37,845: INFO: stg_records_deletion_process: Deletion of ods_migrated records from stg_hiv_art_pharmacy table completed]
[2025-04-02 17:54:37,918: INFO: stg_records_deletion_process: Deletion of ods_migrated records from stg_dsd_devolvement table completed]
[2025-04-02 17:54:38,044: INFO: stg_records_deletion_process: Deletion of ods_migrated records from stg_hiv_art_clinical table completed]
[2025-04-02 17:54:38,083: INFO: stg_records_deletion_process: Deletion of ods_migrated records from stg_hiv_eac table started]
[2025-04-02 17:54:38,090: INFO: stg_records_deletion_process: Deletion of ods_migrated records from stg_hiv_enrollment table started]
[2025-04-02 17:54:38,095: INFO: stg_records_deletion_process: Deletion of ods_migrated records from stg_hiv_eac_out_come table started]
[2025-04-02 17:54:38,106: INFO: stg_records_deletion_process: Deletion of ods_migrated records from stg_hiv_eac_session table started]
[2025-04-02 17:54:38,107: INFO: stg_records_deletion_process: Deletion of ods_migrated records from stg_hiv_regimen table started]
[2025-04-02 17:54:38,108: INFO: stg_records_deletion_process: Deletion of ods_migrated records from stg_hiv_regimen_resolver table started]
[2025-04-02 17:54:38,108: INFO: stg_records_deletion_process: Deletion of ods_migrated records from stg_hts_client table started]
[2025-04-02 17:54:38,120: INFO: stg_records_deletion_process: Deletion of ods_migrated records from stg_hiv_regimen_type table started]
[2025-04-02 17:54:38,130: INFO: stg_records_deletion_process: Deletion of ods_migrated records from stg_hiv_observation table started]
[2025-04-02 17:54:38,152: INFO: stg_records_deletion_process: Deletion of ods_migrated records from stg_hiv_status_tracker table started]
[2025-04-02 17:54:38,858: INFO: stg_records_deletion_process: Deletion of ods_migrated records from stg_hiv_regimen_resolver table completed]
[2025-04-02 17:54:38,898: INFO: stg_records_deletion_process: Deletion of ods_migrated records from stg_hiv_regimen_type table completed]
[2025-04-02 17:54:38,943: INFO: stg_records_deletion_process: Deletion of ods_migrated records from stg_hiv_regimen table completed]
[2025-04-02 17:54:38,996: INFO: stg_records_deletion_process: Deletion of ods_migrated records from stg_hiv_eac table completed]
[2025-04-02 17:54:39,034: INFO: stg_records_deletion_process: Deletion of ods_migrated records from stg_hiv_observation table completed]
[2025-04-02 17:54:39,063: INFO: stg_records_deletion_process: Deletion of ods_migrated records from stg_hiv_eac_out_come table completed]
[2025-04-02 17:54:39,088: INFO: stg_records_deletion_process: Deletion of ods_migrated records from stg_hiv_eac_session table completed]
[2025-04-02 17:54:39,145: INFO: stg_records_deletion_process: Deletion of ods_migrated records from stg_hiv_status_tracker table completed]
[2025-04-02 17:54:39,205: INFO: stg_records_deletion_process: Deletion of ods_migrated records from stg_hiv_enrollment table completed]
[2025-04-02 17:54:39,308: INFO: stg_records_deletion_process: Deletion of ods_migrated records from stg_hts_client table completed]
[2025-04-02 17:54:39,409: INFO: stg_records_deletion_process: Deletion of ods_migrated records from stg_laboratory_order table started]
[2025-04-02 17:54:39,412: INFO: stg_records_deletion_process: Deletion of ods_migrated records from stg_laboratory_result table started]
[2025-04-02 17:54:39,415: INFO: stg_records_deletion_process: Deletion of ods_migrated records from stg_laboratory_sample table started]
[2025-04-02 17:54:39,416: INFO: stg_records_deletion_process: Deletion of ods_migrated records from stg_laboratory_test table started]
[2025-04-02 17:54:39,418: INFO: stg_records_deletion_process: Deletion of ods_migrated records from stg_laboratory_labtest table started]
[2025-04-02 17:54:39,419: INFO: stg_records_deletion_process: Deletion of ods_migrated records from stg_patient_encounter table started]
[2025-04-02 17:54:39,420: INFO: stg_records_deletion_process: Deletion of ods_migrated records from stg_hts_index_elicitation table started]
[2025-04-02 17:54:39,427: INFO: stg_records_deletion_process: Deletion of ods_migrated records from stg_patient_visit table started]
[2025-04-02 17:54:39,429: INFO: stg_records_deletion_process: Deletion of ods_migrated records from stg_hts_risk_stratification table started]
[2025-04-02 17:54:39,433: INFO: stg_records_deletion_process: Deletion of ods_migrated records from stg_patient_person table started]
[2025-04-02 17:54:40,219: INFO: stg_records_deletion_process: Deletion of ods_migrated records from stg_laboratory_labtest table completed]
[2025-04-02 17:54:40,236: INFO: stg_records_deletion_process: Deletion of ods_migrated records from stg_laboratory_order table completed]
[2025-04-02 17:54:40,238: INFO: stg_records_deletion_process: Deletion of ods_migrated records from stg_patient_encounter table completed]
[2025-04-02 17:54:40,253: INFO: stg_records_deletion_process: Deletion of ods_migrated records from stg_patient_visit table completed]
[2025-04-02 17:54:40,267: INFO: stg_records_deletion_process: Deletion of ods_migrated records from stg_laboratory_test table completed]
[2025-04-02 17:54:40,303: INFO: stg_records_deletion_process: Deletion of ods_migrated records from stg_laboratory_sample table completed]
[2025-04-02 17:54:40,404: INFO: stg_records_deletion_process: Deletion of ods_migrated records from stg_hts_index_elicitation table completed]
[2025-04-02 17:54:40,406: INFO: stg_records_deletion_process: Deletion of ods_migrated records from stg_hts_risk_stratification table completed]
[2025-04-02 17:54:40,408: INFO: stg_records_deletion_process: Deletion of ods_migrated records from stg_laboratory_result table completed]
[2025-04-02 17:54:40,419: INFO: stg_records_deletion_process: Deletion of ods_migrated records from stg_patient_person table completed]
[2025-04-02 17:54:40,463: INFO: stg_records_deletion_process: Deletion of ods_migrated records from stg_pmtct_anc table started]
[2025-04-02 17:54:40,468: INFO: stg_records_deletion_process: Deletion of ods_migrated records from stg_pmtct_infant_pcr table started]
[2025-04-02 17:54:40,469: INFO: stg_records_deletion_process: Deletion of ods_migrated records from stg_pmtct_infant_arv table started]
[2025-04-02 17:54:40,470: INFO: stg_records_deletion_process: Deletion of ods_migrated records from stg_pmtct_infant_mother_art table started]
[2025-04-02 17:54:40,472: INFO: stg_records_deletion_process: Deletion of ods_migrated records from stg_pmtct_infant_rapid_antibody table started]
[2025-04-02 17:54:40,472: INFO: stg_records_deletion_process: Deletion of ods_migrated records from stg_pmtct_enrollment table started]
[2025-04-02 17:54:40,473: INFO: stg_records_deletion_process: Deletion of ods_migrated records from stg_pmtct_delivery table started]
[2025-04-02 17:54:40,473: INFO: stg_records_deletion_process: Deletion of ods_migrated records from stg_pmtct_infant_information table started]
[2025-04-02 17:54:40,482: INFO: stg_records_deletion_process: Deletion of ods_migrated records from stg_pmtct_mother_visitation table started]
[2025-04-02 17:54:40,484: INFO: stg_records_deletion_process: Deletion of ods_migrated records from stg_pmtct_infant_visit table started]
[2025-04-02 17:54:41,133: INFO: stg_records_deletion_process: Deletion of ods_migrated records from stg_pmtct_infant_mother_art table completed]
[2025-04-02 17:54:41,223: INFO: stg_records_deletion_process: Deletion of ods_migrated records from stg_pmtct_infant_pcr table completed]
[2025-04-02 17:54:41,237: INFO: stg_records_deletion_process: Deletion of ods_migrated records from stg_pmtct_infant_rapid_antibody table completed]
[2025-04-02 17:54:41,291: INFO: stg_records_deletion_process: Deletion of ods_migrated records from stg_pmtct_infant_visit table completed]
[2025-04-02 17:54:41,299: INFO: stg_records_deletion_process: Deletion of ods_migrated records from stg_pmtct_infant_arv table completed]
[2025-04-02 17:54:41,432: INFO: stg_records_deletion_process: Deletion of ods_migrated records from stg_pmtct_enrollment table completed]
[2025-04-02 17:54:41,434: INFO: stg_records_deletion_process: Deletion of ods_migrated records from stg_pmtct_mother_visitation table completed]
[2025-04-02 17:54:41,455: INFO: stg_records_deletion_process: Deletion of ods_migrated records from stg_pmtct_infant_information table completed]
[2025-04-02 17:54:41,577: INFO: stg_records_deletion_process: Deletion of ods_migrated records from stg_pmtct_delivery table completed]
[2025-04-02 17:54:41,657: INFO: stg_records_deletion_process: Deletion of ods_migrated records from stg_pmtct_anc table completed]
[2025-04-02 17:54:41,699: INFO: stg_records_deletion_process: Deletion of ods_migrated records from stg_prep_enrollment table started]
[2025-04-02 17:54:41,705: INFO: stg_records_deletion_process: Deletion of ods_migrated records from stg_prep_eligibility table started]
[2025-04-02 17:54:41,705: INFO: stg_records_deletion_process: Deletion of ods_migrated records from stg_prep_interruption table started]
[2025-04-02 17:54:41,710: INFO: stg_records_deletion_process: Deletion of ods_migrated records from stg_triage_vital_sign table started]
[2025-04-02 17:54:41,712: INFO: stg_records_deletion_process: Deletion of ods_migrated records from stg_prep_clinic table started]
[2025-04-02 17:54:42,240: INFO: stg_records_deletion_process: Deletion of ods_migrated records from stg_triage_vital_sign table completed]
[2025-04-02 17:54:42,252: INFO: stg_records_deletion_process: Deletion of ods_migrated records from stg_prep_enrollment table completed]
[2025-04-02 17:54:42,274: INFO: stg_records_deletion_process: Deletion of ods_migrated records from stg_prep_interruption table completed]
[2025-04-02 17:54:42,319: INFO: stg_records_deletion_process: Deletion of ods_migrated records from stg_prep_eligibility table completed]
[2025-04-02 17:54:42,649: INFO: stg_records_deletion_process: Deletion of ods_migrated records from stg_prep_clinic table completed]
[2025-04-02 17:54:42,650: INFO: stg_records_deletion_process: Deletion of records with Y processed status on stg_monitoring table completed]
[2025-04-02 18:11:10,544: INFO: stg_records_deletion_process: DPID_20250402_18_11]
[2025-04-02 18:11:10,544: INFO: stg_records_deletion_process: Job Started]
[2025-04-02 18:11:10,544: INFO: stg_records_deletion_process: Deletion of records with Y processed status on stg_monitoring table started]
[2025-04-02 18:11:10,578: INFO: stg_records_deletion_process: Deletion of ods_migrated records from stg_base_organisation_unit table started]
[2025-04-02 18:11:10,582: INFO: stg_records_deletion_process: Deletion of ods_migrated records from stg_base_application_codeset table started]
[2025-04-02 18:11:10,584: INFO: stg_records_deletion_process: Deletion of ods_migrated records from stg_biometric table started]
[2025-04-02 18:11:10,586: INFO: stg_records_deletion_process: Deletion of ods_migrated records from stg_base_organisation_unit_identifier table started]
[2025-04-02 18:11:10,588: INFO: stg_records_deletion_process: Deletion of ods_migrated records from stg_case_manager table started]
[2025-04-02 18:11:10,589: INFO: stg_records_deletion_process: Deletion of ods_migrated records from stg_case_manager_patients table started]
[2025-04-02 18:11:10,602: INFO: stg_records_deletion_process: Deletion of ods_migrated records from stg_base_organisation_unit_identifier table completed]
[2025-04-02 18:11:10,603: INFO: stg_records_deletion_process: Deletion of ods_migrated records from stg_dsd_devolvement table started]
[2025-04-02 18:11:10,610: INFO: stg_records_deletion_process: Deletion of ods_migrated records from stg_hiv_art_clinical table started]
[2025-04-02 18:11:10,613: INFO: stg_records_deletion_process: Deletion of ods_migrated records from stg_hiv_art_pharmacy table started]
[2025-04-02 18:11:10,617: INFO: stg_records_deletion_process: Deletion of ods_migrated records from stg_hiv_art_pharmacy_regimens table started]
[2025-04-02 18:11:11,083: INFO: stg_records_deletion_process: Deletion of ods_migrated records from stg_hiv_art_pharmacy_regimens table completed]
[2025-04-02 18:11:11,162: INFO: stg_records_deletion_process: Deletion of ods_migrated records from stg_base_application_codeset table completed]
[2025-04-02 18:11:11,195: INFO: stg_records_deletion_process: Deletion of ods_migrated records from stg_base_organisation_unit table completed]
[2025-04-02 18:11:11,417: INFO: stg_records_deletion_process: Deletion of ods_migrated records from stg_case_manager table completed]
[2025-04-02 18:11:11,444: INFO: stg_records_deletion_process: Deletion of ods_migrated records from stg_biometric table completed]
[2025-04-02 18:11:11,490: INFO: stg_records_deletion_process: Deletion of ods_migrated records from stg_case_manager_patients table completed]
[2025-04-02 18:11:11,548: INFO: stg_records_deletion_process: Deletion of ods_migrated records from stg_hiv_art_pharmacy table completed]
[2025-04-02 18:11:11,639: INFO: stg_records_deletion_process: Deletion of ods_migrated records from stg_dsd_devolvement table completed]
[2025-04-02 18:11:11,710: INFO: stg_records_deletion_process: Deletion of ods_migrated records from stg_hiv_art_clinical table completed]
[2025-04-02 18:11:11,772: INFO: stg_records_deletion_process: Deletion of ods_migrated records from stg_hiv_eac_out_come table started]
[2025-04-02 18:11:11,781: INFO: stg_records_deletion_process: Deletion of ods_migrated records from stg_hiv_enrollment table started]
[2025-04-02 18:11:11,787: INFO: stg_records_deletion_process: Deletion of ods_migrated records from stg_hiv_regimen_resolver table started]
[2025-04-02 18:11:11,792: INFO: stg_records_deletion_process: Deletion of ods_migrated records from stg_hiv_eac table started]
[2025-04-02 18:11:11,794: INFO: stg_records_deletion_process: Deletion of ods_migrated records from stg_hiv_observation table started]
[2025-04-02 18:11:11,797: INFO: stg_records_deletion_process: Deletion of ods_migrated records from stg_hiv_regimen_type table started]
[2025-04-02 18:11:11,795: INFO: stg_records_deletion_process: Deletion of ods_migrated records from stg_hiv_regimen table started]
[2025-04-02 18:11:11,803: INFO: stg_records_deletion_process: Deletion of ods_migrated records from stg_hts_client table started]
[2025-04-02 18:11:11,814: INFO: stg_records_deletion_process: Deletion of ods_migrated records from stg_hiv_eac_session table started]
[2025-04-02 18:11:11,824: INFO: stg_records_deletion_process: Deletion of ods_migrated records from stg_hiv_status_tracker table started]
[2025-04-02 18:11:12,404: INFO: stg_records_deletion_process: Deletion of ods_migrated records from stg_hiv_regimen_resolver table completed]
[2025-04-02 18:11:12,428: INFO: stg_records_deletion_process: Deletion of ods_migrated records from stg_hiv_regimen_type table completed]
[2025-04-02 18:11:12,765: INFO: stg_records_deletion_process: Deletion of ods_migrated records from stg_hiv_regimen table completed]
[2025-04-02 18:11:12,910: INFO: stg_records_deletion_process: Deletion of ods_migrated records from stg_hiv_eac_out_come table completed]
[2025-04-02 18:11:12,911: INFO: stg_records_deletion_process: Deletion of ods_migrated records from stg_hiv_observation table completed]
[2025-04-02 18:11:12,921: INFO: stg_records_deletion_process: Deletion of ods_migrated records from stg_hiv_status_tracker table completed]
[2025-04-02 18:11:12,944: INFO: stg_records_deletion_process: Deletion of ods_migrated records from stg_hiv_eac table completed]
[2025-04-02 18:11:12,962: INFO: stg_records_deletion_process: Deletion of ods_migrated records from stg_hiv_eac_session table completed]
[2025-04-02 18:11:13,086: INFO: stg_records_deletion_process: Deletion of ods_migrated records from stg_hiv_enrollment table completed]
[2025-04-02 18:11:13,177: INFO: stg_records_deletion_process: Deletion of ods_migrated records from stg_hts_client table completed]
[2025-04-02 18:11:13,231: INFO: stg_records_deletion_process: Deletion of ods_migrated records from stg_hts_risk_stratification table started]
[2025-04-02 18:11:13,244: INFO: stg_records_deletion_process: Deletion of ods_migrated records from stg_laboratory_order table started]
[2025-04-02 18:11:13,254: INFO: stg_records_deletion_process: Deletion of ods_migrated records from stg_hts_index_elicitation table started]
[2025-04-02 18:11:13,257: INFO: stg_records_deletion_process: Deletion of ods_migrated records from stg_laboratory_test table started]
[2025-04-02 18:11:13,261: INFO: stg_records_deletion_process: Deletion of ods_migrated records from stg_laboratory_result table started]
[2025-04-02 18:11:13,262: INFO: stg_records_deletion_process: Deletion of ods_migrated records from stg_patient_encounter table started]
[2025-04-02 18:11:13,269: INFO: stg_records_deletion_process: Deletion of ods_migrated records from stg_laboratory_sample table started]
[2025-04-02 18:11:13,312: INFO: stg_records_deletion_process: Deletion of ods_migrated records from stg_laboratory_labtest table started]
[2025-04-02 18:11:13,314: INFO: stg_records_deletion_process: Deletion of ods_migrated records from stg_patient_visit table started]
[2025-04-02 18:11:13,320: INFO: stg_records_deletion_process: Deletion of ods_migrated records from stg_patient_person table started]
[2025-04-02 18:11:13,979: INFO: stg_records_deletion_process: Deletion of ods_migrated records from stg_laboratory_labtest table completed]
[2025-04-02 18:11:13,989: INFO: stg_records_deletion_process: Deletion of ods_migrated records from stg_patient_encounter table completed]
[2025-04-02 18:11:14,024: INFO: stg_records_deletion_process: Deletion of ods_migrated records from stg_patient_visit table completed]
[2025-04-02 18:11:14,143: INFO: stg_records_deletion_process: Deletion of ods_migrated records from stg_laboratory_order table completed]
[2025-04-02 18:11:14,211: INFO: stg_records_deletion_process: Deletion of ods_migrated records from stg_laboratory_test table completed]
[2025-04-02 18:11:14,306: INFO: stg_records_deletion_process: Deletion of ods_migrated records from stg_hts_risk_stratification table completed]
[2025-04-02 18:11:14,311: INFO: stg_records_deletion_process: Deletion of ods_migrated records from stg_laboratory_sample table completed]
[2025-04-02 18:11:14,340: INFO: stg_records_deletion_process: Deletion of ods_migrated records from stg_laboratory_result table completed]
[2025-04-02 18:11:14,373: INFO: stg_records_deletion_process: Deletion of ods_migrated records from stg_hts_index_elicitation table completed]
[2025-04-02 18:11:14,404: INFO: stg_records_deletion_process: Deletion of ods_migrated records from stg_patient_person table completed]
[2025-04-02 18:11:14,464: INFO: stg_records_deletion_process: Deletion of ods_migrated records from stg_pmtct_delivery table started]
[2025-04-02 18:11:14,464: INFO: stg_records_deletion_process: Deletion of ods_migrated records from stg_pmtct_infant_mother_art table started]
[2025-04-02 18:11:14,475: INFO: stg_records_deletion_process: Deletion of ods_migrated records from stg_pmtct_infant_information table started]
[2025-04-02 18:11:14,475: INFO: stg_records_deletion_process: Deletion of ods_migrated records from stg_pmtct_infant_pcr table started]
[2025-04-02 18:11:14,476: INFO: stg_records_deletion_process: Deletion of ods_migrated records from stg_pmtct_anc table started]
[2025-04-02 18:11:14,477: INFO: stg_records_deletion_process: Deletion of ods_migrated records from stg_pmtct_infant_arv table started]
[2025-04-02 18:11:14,477: INFO: stg_records_deletion_process: Deletion of ods_migrated records from stg_pmtct_infant_visit table started]
[2025-04-02 18:11:14,485: INFO: stg_records_deletion_process: Deletion of ods_migrated records from stg_pmtct_enrollment table started]
[2025-04-02 18:11:14,490: INFO: stg_records_deletion_process: Deletion of ods_migrated records from stg_pmtct_infant_rapid_antibody table started]
[2025-04-02 18:11:14,525: INFO: stg_records_deletion_process: Deletion of ods_migrated records from stg_pmtct_mother_visitation table started]
[2025-04-02 18:11:15,075: INFO: stg_records_deletion_process: Deletion of ods_migrated records from stg_pmtct_infant_mother_art table completed]
[2025-04-02 18:11:15,220: INFO: stg_records_deletion_process: Deletion of ods_migrated records from stg_pmtct_infant_visit table completed]
[2025-04-02 18:11:15,245: INFO: stg_records_deletion_process: Deletion of ods_migrated records from stg_pmtct_infant_rapid_antibody table completed]
[2025-04-02 18:11:15,358: INFO: stg_records_deletion_process: Deletion of ods_migrated records from stg_pmtct_infant_pcr table completed]
[2025-04-02 18:11:15,409: INFO: stg_records_deletion_process: Deletion of ods_migrated records from stg_pmtct_infant_arv table completed]
[2025-04-02 18:11:15,539: INFO: stg_records_deletion_process: Deletion of ods_migrated records from stg_pmtct_infant_information table completed]
[2025-04-02 18:11:15,608: INFO: stg_records_deletion_process: Deletion of ods_migrated records from stg_pmtct_enrollment table completed]
[2025-04-02 18:11:15,642: INFO: stg_records_deletion_process: Deletion of ods_migrated records from stg_pmtct_mother_visitation table completed]
[2025-04-02 18:11:15,741: INFO: stg_records_deletion_process: Deletion of ods_migrated records from stg_pmtct_delivery table completed]
[2025-04-02 18:11:15,774: INFO: stg_records_deletion_process: Deletion of ods_migrated records from stg_pmtct_anc table completed]
[2025-04-02 18:11:15,819: INFO: stg_records_deletion_process: Deletion of ods_migrated records from stg_prep_eligibility table started]
[2025-04-02 18:11:15,820: INFO: stg_records_deletion_process: Deletion of ods_migrated records from stg_prep_enrollment table started]
[2025-04-02 18:11:15,820: INFO: stg_records_deletion_process: Deletion of ods_migrated records from stg_prep_clinic table started]
[2025-04-02 18:11:15,821: INFO: stg_records_deletion_process: Deletion of ods_migrated records from stg_prep_interruption table started]
[2025-04-02 18:11:15,824: INFO: stg_records_deletion_process: Deletion of ods_migrated records from stg_triage_vital_sign table started]
[2025-04-02 18:11:16,255: INFO: stg_records_deletion_process: Deletion of ods_migrated records from stg_triage_vital_sign table completed]
[2025-04-02 18:11:16,295: INFO: stg_records_deletion_process: Deletion of ods_migrated records from stg_prep_interruption table completed]
[2025-04-02 18:11:16,319: INFO: stg_records_deletion_process: Deletion of ods_migrated records from stg_prep_enrollment table completed]
[2025-04-02 18:11:16,348: INFO: stg_records_deletion_process: Deletion of ods_migrated records from stg_prep_eligibility table completed]
[2025-04-02 18:11:16,498: INFO: stg_records_deletion_process: Deletion of ods_migrated records from stg_prep_clinic table completed]
[2025-04-02 18:11:16,499: INFO: stg_records_deletion_process: Deletion of records with Y processed status on stg_monitoring table completed]
[2025-04-03 15:34:07,029: INFO: stg_records_deletion_process: DPID_20250403_15_34]
[2025-04-03 15:34:07,029: INFO: stg_records_deletion_process: Job Started]
[2025-04-03 15:34:07,030: INFO: stg_records_deletion_process: Deletion of records with Y processed status on stg_monitoring table started]
[2025-04-03 15:34:07,063: INFO: stg_records_deletion_process: Deletion of ods_migrated records from stg_base_organisation_unit_identifier table started]
[2025-04-03 15:34:07,064: INFO: stg_records_deletion_process: Deletion of ods_migrated records from stg_biometric table started]
[2025-04-03 15:34:07,066: INFO: stg_records_deletion_process: Deletion of ods_migrated records from stg_case_manager table started]
[2025-04-03 15:34:07,067: INFO: stg_records_deletion_process: Deletion of ods_migrated records from stg_base_organisation_unit table started]
[2025-04-03 15:34:07,069: INFO: stg_records_deletion_process: Deletion of ods_migrated records from stg_hiv_art_pharmacy_regimens table started]
[2025-04-03 15:34:07,069: INFO: stg_records_deletion_process: Deletion of ods_migrated records from stg_case_manager_patients table started]
[2025-04-03 15:34:07,070: INFO: stg_records_deletion_process: Deletion of ods_migrated records from stg_base_application_codeset table started]
[2025-04-03 15:34:07,072: INFO: stg_records_deletion_process: Deletion of ods_migrated records from stg_dsd_devolvement table started]
[2025-04-03 15:34:07,073: INFO: stg_records_deletion_process: Deletion of ods_migrated records from stg_hiv_art_pharmacy table started]
[2025-04-03 15:34:07,075: INFO: stg_records_deletion_process: Deletion of ods_migrated records from stg_hiv_art_clinical table started]
[2025-04-03 15:34:14,383: INFO: stg_records_deletion_process: Deletion of ods_migrated records from stg_base_organisation_unit_identifier table completed]
[2025-04-03 15:34:14,394: INFO: stg_records_deletion_process: Deletion of ods_migrated records from stg_hiv_art_pharmacy_regimens table completed]
[2025-04-03 15:34:14,469: INFO: stg_records_deletion_process: Deletion of ods_migrated records from stg_base_application_codeset table completed]
[2025-04-03 15:34:15,228: INFO: stg_records_deletion_process: Deletion of ods_migrated records from stg_base_organisation_unit table completed]
[2025-04-03 15:34:15,877: INFO: stg_records_deletion_process: Deletion of ods_migrated records from stg_case_manager table completed]
[2025-04-03 15:34:16,844: INFO: stg_records_deletion_process: Deletion of ods_migrated records from stg_biometric table completed]
[2025-04-03 15:34:17,258: INFO: stg_records_deletion_process: Deletion of ods_migrated records from stg_case_manager_patients table completed]
[2025-04-03 15:34:18,449: INFO: stg_records_deletion_process: Deletion of ods_migrated records from stg_hiv_art_pharmacy table completed]
[2025-04-03 15:34:19,007: INFO: stg_records_deletion_process: Deletion of ods_migrated records from stg_dsd_devolvement table completed]
[2025-04-03 15:34:29,027: INFO: stg_records_deletion_process: Deletion of ods_migrated records from stg_hiv_art_clinical table completed]
[2025-04-03 15:34:29,062: INFO: stg_records_deletion_process: Deletion of ods_migrated records from stg_hiv_eac table started]
[2025-04-03 15:34:29,063: INFO: stg_records_deletion_process: Deletion of ods_migrated records from stg_hiv_eac_out_come table started]
[2025-04-03 15:34:29,064: INFO: stg_records_deletion_process: Deletion of ods_migrated records from stg_hiv_eac_session table started]
[2025-04-03 15:34:29,066: INFO: stg_records_deletion_process: Deletion of ods_migrated records from stg_hiv_observation table started]
[2025-04-03 15:34:29,067: INFO: stg_records_deletion_process: Deletion of ods_migrated records from stg_hiv_enrollment table started]
[2025-04-03 15:34:29,068: INFO: stg_records_deletion_process: Deletion of ods_migrated records from stg_hiv_regimen table started]
[2025-04-03 15:34:29,069: INFO: stg_records_deletion_process: Deletion of ods_migrated records from stg_hiv_regimen_resolver table started]
[2025-04-03 15:34:29,070: INFO: stg_records_deletion_process: Deletion of ods_migrated records from stg_hiv_regimen_type table started]
[2025-04-03 15:34:29,072: INFO: stg_records_deletion_process: Deletion of ods_migrated records from stg_hiv_status_tracker table started]
[2025-04-03 15:34:29,075: INFO: stg_records_deletion_process: Deletion of ods_migrated records from stg_hts_client table started]
[2025-04-03 15:34:33,004: INFO: stg_records_deletion_process: Deletion of ods_migrated records from stg_hiv_regimen_type table completed]
[2025-04-03 15:34:33,081: INFO: stg_records_deletion_process: Deletion of ods_migrated records from stg_hiv_regimen_resolver table completed]
[2025-04-03 15:34:34,100: INFO: stg_records_deletion_process: Deletion of ods_migrated records from stg_hiv_regimen table completed]
[2025-04-03 15:34:35,523: INFO: stg_records_deletion_process: Deletion of ods_migrated records from stg_hiv_observation table completed]
[2025-04-03 15:34:36,855: INFO: stg_records_deletion_process: Deletion of ods_migrated records from stg_hiv_eac table completed]
[2025-04-03 15:34:37,122: INFO: stg_records_deletion_process: Deletion of ods_migrated records from stg_hiv_eac_out_come table completed]
[2025-04-03 15:34:37,886: INFO: stg_records_deletion_process: Deletion of ods_migrated records from stg_hiv_status_tracker table completed]
[2025-04-03 15:34:39,367: INFO: stg_records_deletion_process: Deletion of ods_migrated records from stg_hiv_eac_session table completed]
[2025-04-03 15:34:39,908: INFO: stg_records_deletion_process: Deletion of ods_migrated records from stg_hiv_enrollment table completed]
[2025-04-03 15:34:45,687: INFO: stg_records_deletion_process: Deletion of ods_migrated records from stg_hts_client table completed]
[2025-04-03 15:34:45,721: INFO: stg_records_deletion_process: Deletion of ods_migrated records from stg_hts_index_elicitation table started]
[2025-04-03 15:34:45,724: INFO: stg_records_deletion_process: Deletion of ods_migrated records from stg_hts_risk_stratification table started]
[2025-04-03 15:34:45,726: INFO: stg_records_deletion_process: Deletion of ods_migrated records from stg_laboratory_labtest table started]
[2025-04-03 15:34:45,727: INFO: stg_records_deletion_process: Deletion of ods_migrated records from stg_laboratory_order table started]
[2025-04-03 15:34:45,728: INFO: stg_records_deletion_process: Deletion of ods_migrated records from stg_laboratory_result table started]
[2025-04-03 15:34:45,729: INFO: stg_records_deletion_process: Deletion of ods_migrated records from stg_laboratory_sample table started]
[2025-04-03 15:34:45,732: INFO: stg_records_deletion_process: Deletion of ods_migrated records from stg_patient_encounter table started]
[2025-04-03 15:34:45,734: INFO: stg_records_deletion_process: Deletion of ods_migrated records from stg_laboratory_test table started]
[2025-04-03 15:34:45,735: INFO: stg_records_deletion_process: Deletion of ods_migrated records from stg_patient_person table started]
[2025-04-03 15:34:45,738: INFO: stg_records_deletion_process: Deletion of ods_migrated records from stg_patient_visit table started]
[2025-04-03 15:34:51,984: INFO: stg_records_deletion_process: Deletion of ods_migrated records from stg_patient_visit table completed]
[2025-04-03 15:34:52,098: INFO: stg_records_deletion_process: Deletion of ods_migrated records from stg_laboratory_labtest table completed]
[2025-04-03 15:34:52,529: INFO: stg_records_deletion_process: Deletion of ods_migrated records from stg_laboratory_order table completed]
[2025-04-03 15:34:53,888: INFO: stg_records_deletion_process: Deletion of ods_migrated records from stg_laboratory_test table completed]
[2025-04-03 15:34:54,336: INFO: stg_records_deletion_process: Deletion of ods_migrated records from stg_hts_risk_stratification table completed]
[2025-04-03 15:34:54,377: INFO: stg_records_deletion_process: Deletion of ods_migrated records from stg_patient_encounter table completed]
[2025-04-03 15:34:55,206: INFO: stg_records_deletion_process: Deletion of ods_migrated records from stg_laboratory_sample table completed]
[2025-04-03 15:34:55,891: INFO: stg_records_deletion_process: Deletion of ods_migrated records from stg_laboratory_result table completed]
[2025-04-03 15:34:56,725: INFO: stg_records_deletion_process: Deletion of ods_migrated records from stg_hts_index_elicitation table completed]
[2025-04-03 15:34:58,486: INFO: stg_records_deletion_process: Deletion of ods_migrated records from stg_patient_person table completed]
[2025-04-03 15:34:58,574: INFO: stg_records_deletion_process: Deletion of ods_migrated records from stg_pmtct_mother_visitation table started]
[2025-04-03 15:34:58,576: INFO: stg_records_deletion_process: Deletion of ods_migrated records from stg_pmtct_anc table started]
[2025-04-03 15:34:58,577: INFO: stg_records_deletion_process: Deletion of ods_migrated records from stg_pmtct_infant_information table started]
[2025-04-03 15:34:58,579: INFO: stg_records_deletion_process: Deletion of ods_migrated records from stg_pmtct_infant_pcr table started]
[2025-04-03 15:34:58,580: INFO: stg_records_deletion_process: Deletion of ods_migrated records from stg_pmtct_infant_arv table started]
[2025-04-03 15:34:58,581: INFO: stg_records_deletion_process: Deletion of ods_migrated records from stg_pmtct_enrollment table started]
[2025-04-03 15:34:58,582: INFO: stg_records_deletion_process: Deletion of ods_migrated records from stg_pmtct_infant_mother_art table started]
[2025-04-03 15:34:58,582: INFO: stg_records_deletion_process: Deletion of ods_migrated records from stg_pmtct_delivery table started]
[2025-04-03 15:34:58,583: INFO: stg_records_deletion_process: Deletion of ods_migrated records from stg_pmtct_infant_rapid_antibody table started]
[2025-04-03 15:34:58,584: INFO: stg_records_deletion_process: Deletion of ods_migrated records from stg_pmtct_infant_visit table started]
[2025-04-03 15:35:05,390: INFO: stg_records_deletion_process: Deletion of ods_migrated records from stg_pmtct_infant_mother_art table completed]
[2025-04-03 15:35:06,051: INFO: stg_records_deletion_process: Deletion of ods_migrated records from stg_pmtct_infant_rapid_antibody table completed]
[2025-04-03 15:35:06,896: INFO: stg_records_deletion_process: Deletion of ods_migrated records from stg_pmtct_infant_pcr table completed]
[2025-04-03 15:35:07,084: INFO: stg_records_deletion_process: Deletion of ods_migrated records from stg_pmtct_infant_visit table completed]
[2025-04-03 15:35:07,518: INFO: stg_records_deletion_process: Deletion of ods_migrated records from stg_pmtct_infant_arv table completed]
[2025-04-03 15:35:08,924: INFO: stg_records_deletion_process: Deletion of ods_migrated records from stg_pmtct_infant_information table completed]
[2025-04-03 15:35:10,337: INFO: stg_records_deletion_process: Deletion of ods_migrated records from stg_pmtct_mother_visitation table completed]
[2025-04-03 15:35:11,455: INFO: stg_records_deletion_process: Deletion of ods_migrated records from stg_pmtct_delivery table completed]
[2025-04-03 15:35:12,264: INFO: stg_records_deletion_process: Deletion of ods_migrated records from stg_pmtct_enrollment table completed]
[2025-04-03 15:35:12,785: INFO: stg_records_deletion_process: Deletion of ods_migrated records from stg_pmtct_anc table completed]
[2025-04-03 15:35:12,811: INFO: stg_records_deletion_process: Deletion of ods_migrated records from stg_prep_clinic table started]
[2025-04-03 15:35:12,821: INFO: stg_records_deletion_process: Deletion of ods_migrated records from stg_prep_eligibility table started]
[2025-04-03 15:35:12,823: INFO: stg_records_deletion_process: Deletion of ods_migrated records from stg_prep_interruption table started]
[2025-04-03 15:35:12,824: INFO: stg_records_deletion_process: Deletion of ods_migrated records from stg_prep_enrollment table started]
[2025-04-03 15:35:12,828: INFO: stg_records_deletion_process: Deletion of ods_migrated records from stg_triage_vital_sign table started]
[2025-04-03 15:35:19,971: INFO: stg_records_deletion_process: Deletion of ods_migrated records from stg_triage_vital_sign table completed]
[2025-04-03 15:35:22,005: INFO: stg_records_deletion_process: Deletion of ods_migrated records from stg_prep_enrollment table completed]
[2025-04-03 15:35:22,410: INFO: stg_records_deletion_process: Deletion of ods_migrated records from stg_prep_interruption table completed]
[2025-04-03 15:35:23,634: INFO: stg_records_deletion_process: Deletion of ods_migrated records from stg_prep_eligibility table completed]
[2025-04-03 15:35:27,615: INFO: stg_records_deletion_process: Deletion of ods_migrated records from stg_prep_clinic table completed]
[2025-04-03 15:35:27,617: INFO: stg_records_deletion_process: Deletion of records with Y processed status on stg_monitoring table completed]
[2025-04-03 20:07:49,821: INFO: stg_records_deletion_process: DPID_20250403_20_07]
[2025-04-03 20:07:49,821: INFO: stg_records_deletion_process: Job Started]
[2025-04-03 20:07:49,821: INFO: stg_records_deletion_process: Deletion of records with Y processed status on stg_monitoring table started]
[2025-04-03 20:07:49,860: INFO: stg_records_deletion_process: Deletion of ods_migrated records from stg_base_application_codeset table started]
[2025-04-03 20:07:49,862: INFO: stg_records_deletion_process: Deletion of ods_migrated records from stg_base_organisation_unit table started]
[2025-04-03 20:07:49,863: INFO: stg_records_deletion_process: Deletion of ods_migrated records from stg_base_organisation_unit_identifier table started]
[2025-04-03 20:07:49,864: INFO: stg_records_deletion_process: Deletion of ods_migrated records from stg_case_manager table started]
[2025-04-03 20:07:49,865: INFO: stg_records_deletion_process: Deletion of ods_migrated records from stg_biometric table started]
[2025-04-03 20:07:49,868: INFO: stg_records_deletion_process: Deletion of ods_migrated records from stg_case_manager_patients table started]
[2025-04-03 20:07:49,869: INFO: stg_records_deletion_process: Deletion of ods_migrated records from stg_dsd_devolvement table started]
[2025-04-03 20:07:49,871: INFO: stg_records_deletion_process: Deletion of ods_migrated records from stg_hiv_art_clinical table started]
[2025-04-03 20:07:49,872: INFO: stg_records_deletion_process: Deletion of ods_migrated records from stg_hiv_art_pharmacy table started]
[2025-04-03 20:07:49,875: INFO: stg_records_deletion_process: Deletion of ods_migrated records from stg_hiv_art_pharmacy_regimens table started]
[2025-04-03 20:07:52,892: INFO: stg_records_deletion_process: Deletion of ods_migrated records from stg_base_organisation_unit_identifier table completed]
[2025-04-03 20:07:54,790: INFO: stg_records_deletion_process: Deletion of ods_migrated records from stg_hiv_art_pharmacy_regimens table completed]
[2025-04-03 20:07:57,070: INFO: stg_records_deletion_process: Deletion of ods_migrated records from stg_base_organisation_unit table completed]
[2025-04-03 20:07:57,504: INFO: stg_records_deletion_process: Deletion of ods_migrated records from stg_base_application_codeset table completed]
[2025-04-03 20:07:59,904: INFO: stg_records_deletion_process: Deletion of ods_migrated records from stg_case_manager table completed]
[2025-04-03 20:08:00,080: INFO: stg_records_deletion_process: Deletion of ods_migrated records from stg_biometric table completed]
[2025-04-03 20:08:00,387: INFO: stg_records_deletion_process: Deletion of ods_migrated records from stg_dsd_devolvement table completed]
[2025-04-03 20:08:00,506: INFO: stg_records_deletion_process: Deletion of ods_migrated records from stg_case_manager_patients table completed]
[2025-04-03 20:08:00,580: INFO: stg_records_deletion_process: Deletion of ods_migrated records from stg_hiv_art_pharmacy table completed]
[2025-04-03 20:08:09,627: INFO: stg_records_deletion_process: Deletion of ods_migrated records from stg_hiv_art_clinical table completed]
[2025-04-03 20:08:09,660: INFO: stg_records_deletion_process: Deletion of ods_migrated records from stg_hiv_eac table started]
[2025-04-03 20:08:09,663: INFO: stg_records_deletion_process: Deletion of ods_migrated records from stg_hiv_eac_out_come table started]
[2025-04-03 20:08:09,664: INFO: stg_records_deletion_process: Deletion of ods_migrated records from stg_hiv_enrollment table started]
[2025-04-03 20:08:09,667: INFO: stg_records_deletion_process: Deletion of ods_migrated records from stg_hiv_eac_session table started]
[2025-04-03 20:08:09,668: INFO: stg_records_deletion_process: Deletion of ods_migrated records from stg_hiv_observation table started]
[2025-04-03 20:08:09,671: INFO: stg_records_deletion_process: Deletion of ods_migrated records from stg_hiv_regimen table started]
[2025-04-03 20:08:09,672: INFO: stg_records_deletion_process: Deletion of ods_migrated records from stg_hiv_regimen_resolver table started]
[2025-04-03 20:08:09,673: INFO: stg_records_deletion_process: Deletion of ods_migrated records from stg_hiv_regimen_type table started]
[2025-04-03 20:08:09,674: INFO: stg_records_deletion_process: Deletion of ods_migrated records from stg_hiv_status_tracker table started]
[2025-04-03 20:08:09,681: INFO: stg_records_deletion_process: Deletion of ods_migrated records from stg_hts_client table started]
[2025-04-03 20:08:13,450: INFO: stg_records_deletion_process: Deletion of ods_migrated records from stg_hiv_regimen_resolver table completed]
[2025-04-03 20:08:14,415: INFO: stg_records_deletion_process: Deletion of ods_migrated records from stg_hiv_regimen_type table completed]
[2025-04-03 20:08:15,127: INFO: stg_records_deletion_process: Deletion of ods_migrated records from stg_hiv_regimen table completed]
[2025-04-03 20:08:17,641: INFO: stg_records_deletion_process: Deletion of ods_migrated records from stg_hiv_eac table completed]
[2025-04-03 20:08:17,866: INFO: stg_records_deletion_process: Deletion of ods_migrated records from stg_hiv_observation table completed]
[2025-04-03 20:08:19,047: INFO: stg_records_deletion_process: Deletion of ods_migrated records from stg_hiv_eac_out_come table completed]
[2025-04-03 20:08:19,871: INFO: stg_records_deletion_process: Deletion of ods_migrated records from stg_hiv_eac_session table completed]
[2025-04-03 20:08:20,053: INFO: stg_records_deletion_process: Deletion of ods_migrated records from stg_hiv_status_tracker table completed]
[2025-04-03 20:08:24,525: INFO: stg_records_deletion_process: Deletion of ods_migrated records from stg_hiv_enrollment table completed]
[2025-04-03 20:08:27,922: INFO: stg_records_deletion_process: Deletion of ods_migrated records from stg_hts_client table completed]
[2025-04-03 20:08:27,950: INFO: stg_records_deletion_process: Deletion of ods_migrated records from stg_laboratory_sample table started]
[2025-04-03 20:08:27,952: INFO: stg_records_deletion_process: Deletion of ods_migrated records from stg_laboratory_order table started]
[2025-04-03 20:08:27,953: INFO: stg_records_deletion_process: Deletion of ods_migrated records from stg_laboratory_labtest table started]
[2025-04-03 20:08:27,955: INFO: stg_records_deletion_process: Deletion of ods_migrated records from stg_hts_index_elicitation table started]
[2025-04-03 20:08:27,955: INFO: stg_records_deletion_process: Deletion of ods_migrated records from stg_laboratory_test table started]
[2025-04-03 20:08:27,957: INFO: stg_records_deletion_process: Deletion of ods_migrated records from stg_hts_risk_stratification table started]
[2025-04-03 20:08:27,958: INFO: stg_records_deletion_process: Deletion of ods_migrated records from stg_patient_encounter table started]
[2025-04-03 20:08:27,959: INFO: stg_records_deletion_process: Deletion of ods_migrated records from stg_laboratory_result table started]
[2025-04-03 20:08:27,964: INFO: stg_records_deletion_process: Deletion of ods_migrated records from stg_patient_person table started]
[2025-04-03 20:08:27,965: INFO: stg_records_deletion_process: Deletion of ods_migrated records from stg_patient_visit table started]
[2025-04-03 20:08:33,968: INFO: stg_records_deletion_process: Deletion of ods_migrated records from stg_patient_visit table completed]
[2025-04-03 20:08:35,344: INFO: stg_records_deletion_process: Deletion of ods_migrated records from stg_laboratory_labtest table completed]
[2025-04-03 20:08:35,658: INFO: stg_records_deletion_process: Deletion of ods_migrated records from stg_patient_encounter table completed]
[2025-04-03 20:08:35,744: INFO: stg_records_deletion_process: Deletion of ods_migrated records from stg_laboratory_test table completed]
[2025-04-03 20:08:36,702: INFO: stg_records_deletion_process: Deletion of ods_migrated records from stg_laboratory_order table completed]
[2025-04-03 20:08:37,140: INFO: stg_records_deletion_process: Deletion of ods_migrated records from stg_laboratory_sample table completed]
[2025-04-03 20:08:37,862: INFO: stg_records_deletion_process: Deletion of ods_migrated records from stg_hts_risk_stratification table completed]
[2025-04-03 20:08:39,092: INFO: stg_records_deletion_process: Deletion of ods_migrated records from stg_hts_index_elicitation table completed]
[2025-04-03 20:08:39,849: INFO: stg_records_deletion_process: Deletion of ods_migrated records from stg_laboratory_result table completed]
[2025-04-03 20:08:43,208: INFO: stg_records_deletion_process: Deletion of ods_migrated records from stg_patient_person table completed]
[2025-04-03 20:08:43,244: INFO: stg_records_deletion_process: Deletion of ods_migrated records from stg_pmtct_anc table started]
[2025-04-03 20:08:43,245: INFO: stg_records_deletion_process: Deletion of ods_migrated records from stg_pmtct_delivery table started]
[2025-04-03 20:08:43,247: INFO: stg_records_deletion_process: Deletion of ods_migrated records from stg_pmtct_enrollment table started]
[2025-04-03 20:08:43,248: INFO: stg_records_deletion_process: Deletion of ods_migrated records from stg_pmtct_infant_arv table started]
[2025-04-03 20:08:43,250: INFO: stg_records_deletion_process: Deletion of ods_migrated records from stg_pmtct_infant_information table started]
[2025-04-03 20:08:43,252: INFO: stg_records_deletion_process: Deletion of ods_migrated records from stg_pmtct_infant_mother_art table started]
[2025-04-03 20:08:43,253: INFO: stg_records_deletion_process: Deletion of ods_migrated records from stg_pmtct_infant_pcr table started]
[2025-04-03 20:08:43,257: INFO: stg_records_deletion_process: Deletion of ods_migrated records from stg_pmtct_infant_rapid_antibody table started]
[2025-04-03 20:08:43,259: INFO: stg_records_deletion_process: Deletion of ods_migrated records from stg_pmtct_mother_visitation table started]
[2025-04-03 20:08:43,260: INFO: stg_records_deletion_process: Deletion of ods_migrated records from stg_pmtct_infant_visit table started]
[2025-04-03 20:08:48,991: INFO: stg_records_deletion_process: Deletion of ods_migrated records from stg_pmtct_infant_mother_art table completed]
[2025-04-03 20:08:49,674: INFO: stg_records_deletion_process: Deletion of ods_migrated records from stg_pmtct_infant_arv table completed]
[2025-04-03 20:08:50,298: INFO: stg_records_deletion_process: Deletion of ods_migrated records from stg_pmtct_infant_rapid_antibody table completed]
[2025-04-03 20:08:50,373: INFO: stg_records_deletion_process: Deletion of ods_migrated records from stg_pmtct_infant_visit table completed]
[2025-04-03 20:08:50,688: INFO: stg_records_deletion_process: Deletion of ods_migrated records from stg_pmtct_infant_pcr table completed]
[2025-04-03 20:08:53,379: INFO: stg_records_deletion_process: Deletion of ods_migrated records from stg_pmtct_infant_information table completed]
[2025-04-03 20:08:53,426: INFO: stg_records_deletion_process: Deletion of ods_migrated records from stg_pmtct_mother_visitation table completed]
[2025-04-03 20:08:55,791: INFO: stg_records_deletion_process: Deletion of ods_migrated records from stg_pmtct_anc table completed]
[2025-04-03 20:08:55,858: INFO: stg_records_deletion_process: Deletion of ods_migrated records from stg_pmtct_enrollment table completed]
[2025-04-03 20:08:56,747: INFO: stg_records_deletion_process: Deletion of ods_migrated records from stg_pmtct_delivery table completed]
[2025-04-03 20:08:56,780: INFO: stg_records_deletion_process: Deletion of ods_migrated records from stg_prep_clinic table started]
[2025-04-03 20:08:56,781: INFO: stg_records_deletion_process: Deletion of ods_migrated records from stg_prep_eligibility table started]
[2025-04-03 20:08:56,784: INFO: stg_records_deletion_process: Deletion of ods_migrated records from stg_prep_enrollment table started]
[2025-04-03 20:08:56,785: INFO: stg_records_deletion_process: Deletion of ods_migrated records from stg_prep_interruption table started]
[2025-04-03 20:08:56,786: INFO: stg_records_deletion_process: Deletion of ods_migrated records from stg_triage_vital_sign table started]
[2025-04-03 20:09:05,061: INFO: stg_records_deletion_process: Deletion of ods_migrated records from stg_triage_vital_sign table completed]
[2025-04-03 20:09:06,952: INFO: stg_records_deletion_process: Deletion of ods_migrated records from stg_prep_interruption table completed]
